// Jest Snapshot v1, https://goo.gl/fbAQLP

exports[`MostActiveVisitors renders the component with provided data 1`] = `
<body>
  <div>
    <section
      class="analytics-frame border rounded-lg"
    >
      <header
        class="align-items-center border-bottom d-flex justify-content-between p-3"
      >
        <span
          class="align-items-center d-flex"
        >
          <span
            class="analytics-frame-icon btn-monospaced rounded-lg"
          >
            <svg
              class="lexicon-icon lexicon-icon-user"
              role="presentation"
            >
              <use
                href="#user"
              />
            </svg>
          </span>
          <span
            class="font-weight-semi-bold px-2"
          >
            most-active-visitors
          </span>
        </span>
      </header>
      <div>
        <div
          class="most-active-visitors-container"
        >
          <div
            class="most-active-visitors-fds"
          >
            <div
              class="fds"
            >
              <div
                class="data-set-wrapper visualization-mode-table"
                data-testid="visualization-mode-table"
              >
                <div
                  class="data-set data-set-inline"
                >
                  <div
                    class="data-set-content-wrapper"
                  >
                    <input
                      name="test-namespace_id"
                      readonly=""
                      type="hidden"
                      value=""
                    />
                    <div
                      class="table-responsive"
                    >
                      <table
                        class="table table-autofit show-quick-actions-on-hover table-hover table-list table-head-bordered table-striped table-valign-middle table-sort"
                        style="table-layout: fixed;"
                      >
                        <thead>
                          <tr>
                            <th
                              class="cell-title table-head-title"
                              data-id="string,title"
                              scope="col"
                              style="width: auto;"
                              tabindex="-1"
                            >
                              <span
                                class="sr-only"
                              >
                                title
                              </span>
                              <div
                                class="dnd-th-resizer is-allowed"
                              />
                            </th>
                            <th
                              class="table-head-title"
                              data-id="string,visibility"
                              style="width: 64px;"
                              tabindex="-1"
                            >
                              <span
                                class="sr-only"
                              >
                                manage-columns-visibility
                              </span>
                              <div
                                class="dropdown"
                              >
                                <button
                                  aria-haspopup="true"
                                  aria-label="manage-columns-visibility"
                                  class="dropdown-toggle btn btn-monospaced btn-outline-borderless btn-sm btn-outline-secondary"
                                  title="manage-columns-visibility"
                                  type="button"
                                >
                                  <svg
                                    class="lexicon-icon lexicon-icon-caret-bottom"
                                    role="presentation"
                                  >
                                    <use
                                      href="#caret-bottom"
                                    />
                                  </svg>
                                </button>
                              </div>
                            </th>
                          </tr>
                        </thead>
                        <tbody>
                          <tr
                            class=""
                            data-id="string,1"
                            tabindex="-1"
                          >
                            <td
                              aria-colindex="1"
                              class="cell-title"
                              data-id="string,1:title"
                              style="width: auto;"
                              tabindex="-1"
                            >
                              <div
                                class="d-flex inline-item"
                              >
                                <span
                                  class="sticker sticker-user-icon"
                                  style="background-color: rgba(156, 39, 176, 0.2); border: 1px solid rgba(156,39,176,1); color: rgb(156, 39, 176);"
                                >
                                  <span
                                    class="sticker-overlay"
                                  >
                                    J
                                  </span>
                                </span>
                                <div
                                  class="ml-3"
                                >
                                  <div
                                    class="align-items-center font-weight-semi-bold visitors-full-name"
                                  >
                                    <span
                                      class="mb-0 mr-1"
                                    >
                                      John
                                    </span>
                                    <span
                                      class="mb-0"
                                    >
                                      Doe
                                    </span>
                                  </div>
                                  <div
                                    class="align-items-center"
                                  >
                                    <span
                                      class="mb-0 mr-1"
                                    >
                                      150
                                    </span>
                                    <span
                                      class="mb-0"
                                    >
                                      actions
                                    </span>
                                  </div>
                                  <p
                                    class="email-text mb-0 text-secondary"
                                  >
                                    john.doe@liferay.com
                                  </p>
                                </div>
                              </div>
                            </td>
                            <td
                              aria-colindex="2"
                              class="cell-item-actions"
                              data-id="string,1:actions"
                              style="width: auto;"
                              tabindex="-1"
                            />
                          </tr>
                        </tbody>
                      </table>
                    </div>
                  </div>
                </div>
              </div>
            </div>
          </div>
        </div>
      </div>
    </section>
  </div>
  <div
    class="lfr-tooltip-scope"
  >
    <div
      class="fds-side-panel-nav-cover navigation-bar border-bottom is-hidden"
      style="top: 0px;"
    >
      <div
        class="container"
      >
        <ul
          class="navbar-nav"
        >
          <li
            class="nav-item"
          >
            <button
              aria-label="back"
              class="btn btn-unstyled nav-link"
              title="back"
            >
              <svg
                class="lexicon-icon lexicon-icon-angle-left"
                role="presentation"
              >
                <use
                  href="#angle-left"
                />
              </svg>
            </button>
          </li>
        </ul>
      </div>
    </div>
    <div
      class="fds-side-panel fds-side-panel-lg is-hidden is-loading"
      style="top: 0px;"
    >
      <div
        class="tab-content"
      >
        <div
          class="loader"
        >
          <span
            aria-hidden="true"
            class="loading-animation"
          />
        </div>
        <div
          class="active fade show tab-pane"
          role="tabpanel"
        >
          <iframe
            frameborder="0"
          />
        </div>
      </div>
    </div>
  </div>
  <div
    data-live-announcer="true"
    style="border: 0px; clip-path: inset(50%); height: 1px; margin: 0px -1px -1px 0px; overflow: hidden; padding: 0px; position: absolute; white-space: nowrap; width: 1px;"
  >
    <div
      aria-live="assertive"
      aria-relevant="additions"
      role="log"
    />
    <div
      aria-live="polite"
      aria-relevant="additions"
      role="log"
    />
  </div>
  <div
    aria-hidden="true"
    id="clay-id-1"
    style="display: none;"
  >
    sortable-column
  </div>
</body>
`;
