// Jest Snapshot v1, https://goo.gl/fbAQLP

exports[`AddWorkspace should render 1`] = `
<div>
  <div
    class="add-workspace-root"
  >
    <div
      class="workspaces-base-page-root"
    >
      <div
        class="header-container"
      >
        <a
          class=""
          href="https://liferay.com"
          rel="noreferrer noopener"
          target="_blank"
        >
          <svg
            class="lexicon-icon lexicon-icon-liferay_logo icon-root liferay-logo"
            role="presentation"
          >
            <use
              href="#liferay_logo"
            />
          </svg>
          <span
            class="sr-only"
          >
            (Opens a new window)
          </span>
        </a>
        <div>
          <button
            class="user-menu button-root btn btn-unstyled trigger"
            type="button"
          >
            <div
              class="text-truncate"
            >
              <div
                class="sticker sticker-root sticker-static avatar sticker-circle"
              >
                TT
              </div>
              <span
                class="user-name"
              >
                Test Test
              </span>
              <svg
                class="lexicon-icon lexicon-icon-caret-bottom icon-root caret"
                role="presentation"
              >
                <use
                  href="#caret-bottom"
                />
              </svg>
            </div>
          </button>
        </div>
      </div>
      <div
        class="content"
      >
        <div
          class="content-container"
        >
          <div
            class="title-container"
          >
            <div
              class="logo-container"
            >
              <svg
                class="lexicon-icon lexicon-icon-ac_logo icon-root logo-icon"
                role="presentation"
              >
                <use
                  href="#ac_logo"
                />
              </svg>
              <span
                class="logo-text"
              >
                Analytics Cloud
              </span>
            </div>
            <h1
              class="title"
            >
              Create Workspace
            </h1>
            <div
              class="details-container"
            />
          </div>
          <div
            class="add-workspace-form-root"
          >
            <div
              class="sheet"
            >
              <form
                class="form-root"
              >
                <div
                  class="sheet-header"
                >
                  <h3
                    class="sheet-subtitle"
                  >
                    General
                  </h3>
                  <div
                    class="sheet-section input-name"
                  >
                    <div
                      class=""
                    >
                      <label
                        class="form-control-label label-root required"
                        for="name"
                      >
                        <span
                          class="content-container"
                        >
                          Workspace Name
                        </span>
                      </label>
                      <input
                        class="input-root form-control"
                        id="name"
                        name="name"
                        type="text"
                        value=""
                      />
                    </div>
                  </div>
                  <div
                    class="sheet-section input-workspace-owner-email"
                  >
                    <div
                      class=""
                    >
                      <label
                        class="form-control-label label-root required"
                        for="ownerEmailAddress"
                      >
                        <span
                          class="content-container"
                        >
                          Workspace Owner Email
                        </span>
                      </label>
                      <input
                        class="input-root form-control"
                        disabled=""
                        id="ownerEmailAddress"
                        name="ownerEmailAddress"
                        type="text"
                        value="test0@liferay.com"
                      />
                    </div>
                  </div>
                  <div
                    class="sheet-section input-server"
                  >
                    <div
                      class=""
                    >
                      <label
                        class="form-control-label label-root required"
                        for="serverLocation"
                      >
                        <span
                          class="content-container"
                        >
                          Data Center Location
                        </span>
                      </label>
                      <label
                        class="form-control-label label-root font-weight-normal"
                        for="serverLocation"
                      >
                        <span
                          class="content-container"
                        >
                          <p>
                            Select a server to store your data. This could have implications to your organization's policy on user data storage.
                          </p>
                        </span>
                      </label>
                      <select
                        class="form-control select-root"
                        data-testid="server-location-input"
                        id="serverLocation"
                        name="serverLocation"
                      >
                        <option
                          value="MUMBAI, INDIA"
                        >
                          Mumbai, India
                        </option>
                        <option
                          value="LONDON, ENGLAND"
                        >
                          London, England
                        </option>
                        <option
                          value="FRANKFURT, GERMANY"
                        >
                          Frankfurt, Germany
                        </option>
                        <option
                          value="SÃO PAULO, BRAZIL"
                        >
                          São Paulo, Brazil
                        </option>
                        <option
                          value="OREGON, USA"
                        >
                          Oregon, USA
                        </option>
                      </select>
                    </div>
                  </div>
                  <div
                    class="sheet-section"
                  >
                    <label
                      class="form-control-label label-root"
                    >
                      <span
                        class="content-container"
                      >
                        Timezone
                      </span>
                    </label>
                    <p
                      class="instructions"
                    >
                      Select a timezone that will be used for all data reporting in your workspace.
                    </p>
                    <div
                      class="form-group time-zone-picker-root form-group-autofit"
                    >
                      <div
                        class="form-group-item col-3"
                      >
                        <select
                          class="form-control select-root"
                          disabled=""
                        >
                          <option
                            value=""
                          >
                            Country
                          </option>
                        </select>
                      </div>
                      <div
                        class="form-group-item col-9"
                      >
                        <div
                          class=""
                        >
                          <select
                            class="form-control select-root"
                            disabled=""
                            id="timeZoneId"
                            name="timeZoneId"
                          >
                            <option />
                          </select>
                        </div>
                      </div>
                    </div>
                  </div>
                  <div
                    class="sheet-section"
                  >
                    <div
                      class=""
                    >
                      <label
                        class="form-control-label label-root"
                        for="friendlyURL"
                      >
                        <span
                          class="content-container"
                        >
                          Set a Friendly Workspace URL
                        </span>
                      </label>
                      <label
                        class="form-control-label label-root font-weight-normal"
                        for="friendlyURL"
                      >
                        <span
                          class="content-container"
                        >
                          <p>
                            You can only set your friendly workspace URL once.
                            <span
                              class="instructions"
                            >
                              http://localhost:3000/workspace
                            </span>
                          </p>
                        </span>
                      </label>
                      <div
                        class="input-group"
                      >
                        <div
                          class="input-group-item input-group-item-shrink input-group-prepend"
                        >
                          <div
                            class="input-group-text"
                          >
                            /
                          </div>
                        </div>
                        <div
                          class="input-group-item input-group-append"
                        >
                          <input
                            class="input-root form-control"
                            data-testid="friendly-url-input"
                            id="friendlyURL"
                            name="friendlyURL"
                            type="text"
                            value=""
                          />
                        </div>
                      </div>
                    </div>
                  </div>
                  <div
                    class="sheet-section"
                  >
                    <div
                      class=""
                    >
                      <label
                        class="form-control-label label-root"
                        for="emailAddressDomains"
                      >
                        <span
                          class="content-container"
                        >
                          Allowed Email Domains
                        </span>
                      </label>
                      <label
                        class="form-control-label label-root font-weight-normal"
                        for="emailAddressDomains"
                      >
                        <span
                          class="content-container"
                        >
                          <p>
                            Anyone with an email address at these domains can request access to your workspace.
                          </p>
                        </span>
                      </label>
                      <div
                        class="input-group"
                      >
                        <div
                          class="input-group"
                        >
                          <div
                            class="input-group-item input-group-item-shrink input-group-prepend"
                          >
                            <div
                              class="input-group-text"
                            >
                              @
                            </div>
                          </div>
                          <div
                            class="input-group-item input-group-append"
                          >
                            <div
                              class="input-group-item input-list-root"
                            >
                              <div
                                class="form-control form-control-tag-group"
                              >
                                <input
                                  class="form-control-inset"
                                  placeholder=""
                                  type="text"
                                  value=""
                                />
                              </div>
                            </div>
                          </div>
                        </div>
                      </div>
                    </div>
                  </div>
                  <h3
                    class="sheet-subtitle"
                  >
                    Security
                  </h3>
                  <div
                    class="sheet-section"
                  >
                    <div
                      class=""
                    >
                      <label
                        class="form-control-label label-root required"
                        for="incidentReportEmailAddresses"
                      >
                        <span
                          class="content-container"
                        >
                          Add Incident Report Contacts
                        </span>
                        <span
                          class="info-popover-root"
                        >
                          <svg
                            class="lexicon-icon lexicon-icon-question-circle-full icon-root"
                            role="presentation"
                          >
                            <use
                              href="#question-circle-full"
                            />
                          </svg>
                        </span>
                      </label>
                      <label
                        class="form-control-label label-root font-weight-normal"
                        for="incidentReportEmailAddresses"
                      >
                        <span
                          class="content-container"
                        >
                          <p>
                            Who should we contact in case of a security breach?
                          </p>
                        </span>
                      </label>
                      <div
                        class="input-group"
                      >
                        <div
                          class="input-group-item input-list-root"
                        >
                          <div
                            class="form-control form-control-tag-group"
                          >
                            <input
                              class="form-control-inset"
                              placeholder=""
                              type="text"
                              value=""
                            />
                          </div>
                        </div>
                      </div>
                    </div>
                  </div>
                </div>
                <div
                  class="sheet-footer"
                >
                  <div
                    class="terms"
                  >
                    <div
                      class="custom-control custom-checkbox"
                    >
                      <label>
                        <input
                          class="custom-control-input"
                          form="[object Object]"
                          name="termsAcceptance"
                          type="checkbox"
                          value="false"
                        />
                        <span
                          class="custom-control-label"
                        >
                          <span
                            class="custom-control-label-text"
                          >
                            I Agree
                          </span>
                        </span>
                      </label>
                    </div>
                    <p>
                      By selecting "I Agree", you agree to our 
                      <a
                        class=""
                        href="https://web.liferay.com/legal/doc/SSA/AC/1001810"
                      >
                        Terms and Conditions
                      </a>
                       including our 
                      <a
                        class=""
                        href="https://www.liferay.com/privacy-policy"
                      >
                        Privacy Policy
                      </a>
                      .
                    </p>
                  </div>
                  <button
                    class="button-root btn btn-block btn-primary"
                    disabled=""
                    type="submit"
                  >
                    Finish Setup
                  </button>
                </div>
              </form>
            </div>
          </div>
        </div>
      </div>
    </div>
  </div>
</div>
`;
