// Jest Snapshot v1, https://goo.gl/fbAQLP

exports[`ChannelsMenu should render the first item as label 1`] = `
<div>
  <div
    class="channels-menu-root"
  >
    <div
      class="channels-menu-label"
    >
      Property
    </div>
    <div
      class="dropdown"
    >
      <button
        aria-expanded="false"
        aria-haspopup="true"
        aria-label="Property"
        class="rounded-lg channels-menu-trigger btn btn-sm btn-secondary"
        role="combobox"
        type="button"
      >
        Link 1
        <svg
          class="lexicon-icon lexicon-icon-caret-double inline-item inline-item-after"
          role="presentation"
        >
          <use
            href="#caret-double"
          />
        </svg>
      </button>
    </div>
    <div
      class="channels-menu-icon"
    >
      <svg
        class="lexicon-icon lexicon-icon-sites icon-root"
        role="presentation"
      >
        <use
          href="#sites"
        />
      </svg>
    </div>
  </div>
</div>
`;
