// Jest Snapshot v1, https://goo.gl/fbAQLP

exports[`Event View page should render 1`] = `
<div>
  <div
    class="settings-root"
  >
    <nav
      class="bg-white mb-4 tbar component-tbar"
    >
      <ul
        class="mx-4 tbar-nav"
      >
        <li
          class="tbar-item"
        >
          <div
            class="component-action"
          >
            <a
              aria-label="Back"
              class="text-secondary"
              href="/workspace/23"
            >
              <svg
                class="lexicon-icon lexicon-icon-angle-left mb-1"
                role="presentation"
              >
                <use
                  href="#angle-left"
                />
              </svg>
            </a>
          </div>
        </li>
        <li
          class="pl-0 tbar-item"
        >
          <div
            class="tbar-section"
          >
            <span
              class="text-dark"
            >
              <span
                class="text-5 font-weight-bold"
              >
                Settings
              </span>
            </span>
          </div>
        </li>
      </ul>
    </nav>
    <div
      class="content-wrapper"
    >
      <nav
        class="section-side settings-side-bar"
      >
        <div>
          <h5
            class="section-title"
          >
            Workspace Data
          </h5>
          <ul
            class="nav"
          >
            <li
              class="item"
            >
              <a
                class="button-root"
                href="/workspace/23/settings/apis/tokens"
              >
                <span
                  class="icon-wrapper"
                >
                  <svg
                    class="lexicon-icon lexicon-icon-ac_api icon-root"
                    role="presentation"
                  >
                    <use
                      href="#ac_api"
                    />
                  </svg>
                </span>
                APIs
              </a>
            </li>
            <li
              class="item"
            >
              <a
                class="button-root"
                href="/workspace/23/settings/definitions"
              >
                <span
                  class="icon-wrapper"
                >
                  <svg
                    class="lexicon-icon lexicon-icon-definitions icon-root"
                    role="presentation"
                  >
                    <use
                      href="#definitions"
                    />
                  </svg>
                </span>
                Definitions
              </a>
            </li>
            <li
              class="item"
            >
              <a
                class="button-root"
                href="/workspace/23/settings/data-privacy"
              >
                <span
                  class="icon-wrapper"
                >
                  <svg
                    class="lexicon-icon lexicon-icon-data_privacy_lock icon-root"
                    role="presentation"
                  >
                    <use
                      href="#data_privacy_lock"
                    />
                  </svg>
                </span>
                Data Control & Privacy
              </a>
            </li>
            <li
              class="item"
            >
              <a
                class="button-root"
                href="/workspace/23/settings/data-source"
              >
                <span
                  class="icon-wrapper"
                >
                  <svg
                    class="lexicon-icon lexicon-icon-faro_data_source icon-root"
                    role="presentation"
                  >
                    <use
                      href="#faro_data_source"
                    />
                  </svg>
                </span>
                Data Sources
              </a>
            </li>
            <li
              class="item"
            >
              <a
                class="button-root"
                href="/workspace/23/settings/recommendations"
              >
                <span
                  class="icon-wrapper"
                >
                  <svg
                    class="lexicon-icon lexicon-icon-ac_star icon-root"
                    role="presentation"
                  >
                    <use
                      href="#ac_star"
                    />
                  </svg>
                </span>
                Recommendations
              </a>
            </li>
          </ul>
        </div>
        <div>
          <h5
            class="section-title"
          >
            Workspace Settings
          </h5>
          <ul
            class="nav"
          >
            <li
              class="item"
            >
              <a
                class="button-root"
                href="/workspace/23/settings/users"
              >
                <span
                  class="icon-wrapper"
                >
                  <svg
                    class="lexicon-icon lexicon-icon-user_management icon-root"
                    role="presentation"
                  >
                    <use
                      href="#user_management"
                    />
                  </svg>
                </span>
                User Management
              </a>
            </li>
            <li
              class="item"
            >
              <a
                class="button-root"
                href="/workspace/23/settings/properties"
              >
                <span
                  class="icon-wrapper"
                >
                  <svg
                    class="lexicon-icon lexicon-icon-ac_page icon-root"
                    role="presentation"
                  >
                    <use
                      href="#ac_page"
                    />
                  </svg>
                </span>
                Properties
              </a>
            </li>
            <li
              class="item"
            >
              <a
                class="button-root"
                href="/workspace/23/settings/usage"
              >
                <span
                  class="icon-wrapper"
                >
                  <svg
                    class="lexicon-icon lexicon-icon-usage icon-root"
                    role="presentation"
                  >
                    <use
                      href="#usage"
                    />
                  </svg>
                </span>
                Subscription & Usage
              </a>
            </li>
            <li
              class="item"
            >
              <a
                class="button-root"
                href="/workspace/23/settings/workspace"
              >
                <span
                  class="icon-wrapper"
                >
                  <svg
                    class="lexicon-icon lexicon-icon-cog icon-root"
                    role="presentation"
                  >
                    <use
                      href="#cog"
                    />
                  </svg>
                </span>
                Workspace
              </a>
            </li>
          </ul>
        </div>
      </nav>
      <div
        class="content section-main"
      >
        <div
          class="settings-base-page-root"
        >
          <div
            class="maintenance-alert-root"
          />
          <ol
            class="breadcrumb breadcrumbs-root"
          >
            <li
              class="breadcrumb-item"
            >
              <a
                class="breadcrumb-text-truncate breadcrumb-link"
                href="/workspace/23/settings/definitions"
              >
                Definitions
              </a>
            </li>
            <li
              class="breadcrumb-item"
            >
              <a
                class="breadcrumb-text-truncate breadcrumb-link"
                href="/workspace/23/settings/definitions/events/default"
              >
                Events
              </a>
            </li>
            <li
              class="breadcrumb-item active"
            >
              <span
                class="breadcrumb-text-truncate"
              >
                displayName-0
              </span>
            </li>
          </ol>
          <div
            class="content-header has-page-actions"
          >
            <div
              class="header-text"
            >
              <div
                class="d-flex"
              >
                <h3
                  class="title-text text-truncate"
                >
                  <span
                    class="text-truncate"
                    data-tooltip="false"
                    title=""
                  >
                    name-0
                  </span>
                </h3>
                <span
                  class="text-truncate subtitle-text ml-2"
                  data-tooltip="false"
                  title=""
                >
                  displayName-0
                </span>
              </div>
              <div
                class="description"
              >
                No Description
              </div>
            </div>
            <div
              class="page-actions-container"
            >
              <button
                class="button-root btn btn-secondary"
                type="button"
              >
                Edit
              </button>
            </div>
          </div>
          <div>
            <div
              class="card card-root"
            >
              <div
                class="card-header"
              >
                <div
                  class="card-title"
                >
                  Send This Event
                </div>
              </div>
              <div
                class="card-body"
              >
                <span
                  class="mt-2 mb-4 w-50"
                >
                  Use this script to start sending events to Analytics Cloud. You can customize which attributes to send with a specific event. Selecting the attributes below will generate a new sample script.
                </span>
                <label
                  class="form-control-label label-root"
                >
                  <span
                    class="content-container"
                  >
                    Sample Javascript:
                  </span>
                </label>
                <div
                  class="code-snippet-root"
                >
                  <button
                    aria-label="Click to Copy"
                    class="copy-button btn btn-secondary"
                    data-clipboard-text="Analytics.track('name-0', {
	'name-1': 'samplevalue-1',
});"
                    title="Click to Copy"
                    type="button"
                  >
                    Copy
                  </button>
                  <code
                    class="code-container"
                  >
                    Analytics.track('name-0', {
	'name-1': 'samplevalue-1',
});
                  </code>
                </div>
              </div>
              <div
                class="flex-grow-1 mx-4 table-root mb-0"
              >
                <div
                  class="table-responsive"
                >
                  <table
                    class="table table-autofit table-striped table-list table-nowrap table-head-bordered table-hover"
                  >
                    <thead>
                      <tr>
                        <th />
                        <th
                          class="table-head-title table-cell-expand-small"
                        >
                          Attribute Name
                        </th>
                        <th
                          class="table-head-title table-cell-expand-small text-truncate"
                        >
                          Display Name
                        </th>
                        <th
                          class="table-head-title table-cell-expand text-truncate"
                        >
                          Description
                        </th>
                        <th
                          class="table-head-title table-cell-expand-smaller text-truncate"
                        >
                          Sample Raw Data
                        </th>
                        <th
                          class="table-head-title"
                        >
                          Data Typecast
                        </th>
                      </tr>
                    </thead>
                    <tbody
                      class="mb-0"
                    >
                      <tr
                        class="clickable table-active"
                      >
                        <td>
                          <div
                            class="custom-control custom-checkbox"
                          >
                            <label>
                              <input
                                checked=""
                                class="custom-control-input"
                                type="checkbox"
                                value="true"
                              />
                              <span
                                class="custom-control-label"
                              />
                            </label>
                          </div>
                        </td>
                        <td
                          class="name-cell-root table-cell-expand-small"
                        >
                          <div
                            class="content-container"
                          >
                            <div
                              class="text-truncate"
                            >
                              <div
                                class="table-title text-truncate"
                              >
                                <a
                                  class="text-truncate"
                                  href="/workspace/23/settings/definitions/event-attributes/1"
                                >
                                  name-1
                                </a>
                              </div>
                            </div>
                          </div>
                        </td>
                        <td
                          class="table-cell-expand-small text-truncate"
                        >
                          displayName-1
                        </td>
                        <td
                          class="table-cell-expand text-truncate"
                        >
                          -
                        </td>
                        <td
                          class="table-cell-expand-smaller text-truncate"
                        >
                          samplevalue-1
                        </td>
                        <td>
                          <div
                            class="label label-root label-info label-lg label-uppercase"
                          >
                            <span
                              class="label-item"
                            >
                              STRING
                            </span>
                          </div>
                        </td>
                      </tr>
                    </tbody>
                  </table>
                </div>
              </div>
            </div>
          </div>
        </div>
      </div>
    </div>
  </div>
</div>
`;
