// Jest Snapshot v1, https://goo.gl/fbAQLP

exports[`TrackedBehaviorsList should render 1`] = `
<div>
  <div
    class="card card-root tracked-behaviors-list-root"
  >
    <div
      class="flex-grow-1 mx-4 table-root"
    >
      <div
        class="table-responsive"
      >
        <table
          class="table table-autofit table-striped table-list table-nowrap table-head-bordered table-hover"
        >
          <thead>
            <tr>
              <th
                class="table-head-title"
              >
                Attribute Name
              </th>
              <th
                class="table-head-title table-cell-expand"
              >
                Event Type
              </th>
              <th
                class="table-head-title"
              >
                <div>
                  <span
                    class="mr-2"
                  >
                    Restrict External Access
                  </span>
                  <span
                    class="info-popover-root"
                  >
                    <svg
                      class="lexicon-icon lexicon-icon-question-circle-full icon-root"
                      role="presentation"
                    >
                      <use
                        href="#question-circle-full"
                      />
                    </svg>
                  </span>
                </div>
              </th>
            </tr>
          </thead>
          <tbody>
            <tr
              class=""
            >
              <td
                class="name-cell-root"
              >
                <div
                  class="content-container"
                >
                  <div
                    class="text-truncate"
                  >
                    <div
                      class="table-title text-truncate"
                    >
                      Page Views
                    </div>
                  </div>
                </div>
              </td>
              <td
                class="table-cell-expand"
              >
                Page Event
              </td>
              <td>
                <div
                  class="d-flex justify-content-center"
                >
                  <div
                    class="custom-control custom-checkbox"
                  >
                    <label>
                      <input
                        checked=""
                        class="custom-control-input"
                        type="checkbox"
                        value="true"
                      />
                      <span
                        class="custom-control-label"
                      />
                    </label>
                  </div>
                </div>
              </td>
            </tr>
            <tr
              class=""
            >
              <td
                class="name-cell-root"
              >
                <div
                  class="content-container"
                >
                  <div
                    class="text-truncate"
                  >
                    <div
                      class="table-title text-truncate"
                    >
                      Blog Views
                    </div>
                  </div>
                </div>
              </td>
              <td
                class="table-cell-expand"
              >
                Blog Event
              </td>
              <td>
                <div
                  class="d-flex justify-content-center"
                >
                  <div
                    class="custom-control custom-checkbox"
                  >
                    <label>
                      <input
                        class="custom-control-input"
                        type="checkbox"
                        value="false"
                      />
                      <span
                        class="custom-control-label"
                      />
                    </label>
                  </div>
                </div>
              </td>
            </tr>
            <tr
              class=""
            >
              <td
                class="name-cell-root"
              >
                <div
                  class="content-container"
                >
                  <div
                    class="text-truncate"
                  >
                    <div
                      class="table-title text-truncate"
                    >
                      Blog Clicks
                    </div>
                  </div>
                </div>
              </td>
              <td
                class="table-cell-expand"
              >
                Blog Event
              </td>
              <td>
                <div
                  class="d-flex justify-content-center"
                >
                  <div
                    class="custom-control custom-checkbox"
                  >
                    <label>
                      <input
                        class="custom-control-input"
                        type="checkbox"
                        value="false"
                      />
                      <span
                        class="custom-control-label"
                      />
                    </label>
                  </div>
                </div>
              </td>
            </tr>
            <tr
              class=""
            >
              <td
                class="name-cell-root"
              >
                <div
                  class="content-container"
                >
                  <div
                    class="text-truncate"
                  >
                    <div
                      class="table-title text-truncate"
                    >
                      Document & Media Downloads
                    </div>
                  </div>
                </div>
              </td>
              <td
                class="table-cell-expand"
              >
                Document & Media Event
              </td>
              <td>
                <div
                  class="d-flex justify-content-center"
                >
                  <div
                    class="custom-control custom-checkbox"
                  >
                    <label>
                      <input
                        class="custom-control-input"
                        type="checkbox"
                        value="false"
                      />
                      <span
                        class="custom-control-label"
                      />
                    </label>
                  </div>
                </div>
              </td>
            </tr>
          </tbody>
        </table>
      </div>
    </div>
  </div>
</div>
`;
