// Jest Snapshot v1, https://goo.gl/fbAQLP

exports[`SearchableSelect should render 1`] = `
<body
  class="dxp"
>
  <div>
    <div
      class="dropdown searchable-select-root"
    >
      <button
        aria-controls="clay-dropdown-menu-1"
        aria-expanded="true"
        aria-haspopup="true"
        class="dropdown-toggle button-root d-flex align-items-center justify-content-between w-100 btn btn-unstyled"
        style=""
        type="button"
      >
        Bar
        <svg
          class="lexicon-icon lexicon-icon-caret-bottom icon-root ml-2"
          role="presentation"
        >
          <use
            href="#caret-bottom"
          />
        </svg>
      </button>
    </div>
  </div>
  <div>
    <div>
      <div
        class="dropdown-menu show"
        id="clay-dropdown-menu-1"
        role="presentation"
        style="left: -999px; top: -995px;"
      >
        <li
          role="none"
        >
          <div
            class="dropdown-section"
          >
            <div
              class="input-group"
            >
              <div
                class="input-group-item"
              >
                <input
                  class="input-root form-control input-group-inset input-group-inset-after"
                  placeholder="Foo"
                  type="text"
                  value=""
                />
                <div
                  class="input-group-inset-item input-group-inset-item-after"
                >
                  <button
                    aria-label="Search"
                    class="button-root btn btn-unstyled"
                    type="button"
                  >
                    <svg
                      class="lexicon-icon lexicon-icon-search icon-root"
                      role="presentation"
                    >
                      <use
                        href="#search"
                      />
                    </svg>
                  </button>
                </div>
              </div>
            </div>
          </div>
        </li>
        <li
          role="none"
        >
          <div
            class="dropdown-section items-wrapper"
          >
            <li
              role="presentation"
            >
              <button
                class="dropdown-item"
                role="menuitem"
                tabindex="-1"
              >
                item0
              </button>
            </li>
            <li
              role="presentation"
            >
              <button
                class="dropdown-item"
                role="menuitem"
                tabindex="-1"
              >
                item1
              </button>
            </li>
            <li
              role="presentation"
            >
              <button
                class="dropdown-item"
                role="menuitem"
                tabindex="-1"
              >
                item2
              </button>
            </li>
            <li
              role="presentation"
            >
              <button
                class="dropdown-item"
                role="menuitem"
                tabindex="-1"
              >
                item3
              </button>
            </li>
            <li
              role="presentation"
            >
              <button
                class="dropdown-item"
                role="menuitem"
                tabindex="-1"
              >
                item4
              </button>
            </li>
          </div>
        </li>
      </div>
    </div>
  </div>
</body>
`;
