// Jest Snapshot v1, https://goo.gl/fbAQLP

exports[`VerticalTimeline should render with a header and initialExpanded 1`] = `
<div>
  <div
    class="vertical-timeline-root"
  >
    <ul
      class="timeline timeline-center"
    >
      <li
        class="timeline-item expanded header"
      >
        <div
          class="timeline-panel"
        >
          <div
            class="timeline-panel-body"
          >
            <div
              class="timeline-panel-body-content"
            >
              <div
                class="timeline-panel-body-content-text"
              >
                <span
                  class="title"
                >
                  Yesterday
                </span>
                <svg
                  class="lexicon-icon lexicon-icon-ac_event_icon event-icon icon-root"
                  role="presentation"
                >
                  <use
                    href="#ac_event_icon"
                  />
                </svg>
                <span
                  class="item-count"
                />
              </div>
            </div>
            <div
              class="timeline-panel-body-content"
            >
              <div
                class="timeline-panel-body-content-text"
              >
                <div
                  class="attributes-title"
                >
                  <span
                    class="label-root"
                  />
                </div>
              </div>
            </div>
          </div>
        </div>
      </li>
      <li
        class="timeline-item expanded"
      >
        <div
          class="timeline-panel"
        >
          <div
            class="timeline-panel-body"
          >
            <div
              class="timeline-line"
            />
            <div
              class="timeline-increment"
            >
              <div
                class="sticker sticker-root sticker-static sticker-circle sticker-point sticker-lg"
              />
              <div
                class="timeline-item-label timeline-time-label label-root"
              >
                <span>
                  10:56pm
                </span>
                 - 
                <span>
                  in progress
                </span>
              </div>
            </div>
            <div
              class="timeline-panel-body-content selectable"
              role="button"
              tabindex="0"
            >
              <div
                class="timeline-panel-body-content-text"
              >
                <span
                  class="title"
                >
                  <span
                    class="text-truncate"
                    data-tooltip="false"
                    title=""
                  >
                    Opened Email
                  </span>
                </span>
                <span
                  class="text-truncate subtitle"
                  data-tooltip="false"
                  title=""
                >
                  3 Document Downloads, 2 Form Submissions, 24 Page Visits
                </span>
              </div>
              <div
                class="timeline-panel-body-content-details"
              >
                <div
                  class="icon-group"
                >
                  <svg
                    class="lexicon-icon lexicon-icon-ac_event_icon event-icon icon-root"
                    role="presentation"
                  >
                    <use
                      href="#ac_event_icon"
                    />
                  </svg>
                  <span
                    class="item-count"
                  >
                    2
                  </span>
                  <span
                    class="device-icon"
                    data-tooltip="true"
                    data-tooltip-align="bottom"
                    title="Unknown Device
Firefox"
                  >
                    <svg
                      class="lexicon-icon lexicon-icon-devices icon-root mainLighten28"
                      color="mainLighten65"
                      id="anyIcon"
                      role="presentation"
                    >
                      <use
                        href="#devices"
                      />
                    </svg>
                  </span>
                </div>
              </div>
              <svg
                class="lexicon-icon lexicon-icon-caret-top icon-root"
                role="presentation"
              >
                <use
                  href="#caret-top"
                />
              </svg>
            </div>
            <div
              class="timeline-panel-body-content"
            >
              <div
                class="timeline-panel-body-content-text"
              >
                <div
                  class="attributes-title"
                >
                  <span
                    class="label-root"
                  >
                    Session Attributes
                  </span>
                </div>
                <div
                  class="attributes-item"
                >
                  <span
                    class="attribute-key"
                  >
                    contentLanguageID
                  </span>
                  <span
                    class="text-truncate attribute-value"
                    data-tooltip="false"
                    title=""
                  >
                    ""
                  </span>
                </div>
                <div
                  class="attributes-item"
                >
                  <span
                    class="attribute-key"
                  >
                    screenHeight
                  </span>
                  <span
                    class="text-truncate attribute-value"
                    data-tooltip="false"
                    title=""
                  >
                    1229
                  </span>
                </div>
                <div
                  class="attributes-item"
                >
                  <span
                    class="attribute-key"
                  >
                    screenWidth
                  </span>
                  <span
                    class="text-truncate attribute-value"
                    data-tooltip="false"
                    title=""
                  >
                    1541
                  </span>
                </div>
                <div
                  class="attributes-item"
                >
                  <span
                    class="attribute-key"
                  >
                    timezoneOffset
                  </span>
                  <span
                    class="text-truncate attribute-value"
                    data-tooltip="false"
                    title=""
                  >
                    -07:00
                  </span>
                </div>
                <div
                  class="attributes-item"
                >
                  <span
                    class="attribute-key"
                  >
                    userAgent
                  </span>
                  <span
                    class="text-truncate attribute-value"
                    data-tooltip="false"
                    title=""
                  >
                    Mozilla/5.0 (X11; Linux x86_64) AppleWebKit/537.36 (KHTML, like Gecko) Chrome/92.0.4515.159 Safari/537.36
                  </span>
                </div>
              </div>
            </div>
          </div>
          <div
            class="vertical-timeline-root"
          >
            <ul
              class="timeline timeline-center timeline-nested"
            >
              <li
                class="timeline-item"
              >
                <div
                  class="timeline-panel"
                >
                  <div
                    class="timeline-panel-body"
                  >
                    <div
                      class="timeline-line"
                    />
                    <div
                      class="timeline-increment"
                    >
                      <div
                        class="sticker sticker-root sticker-static sticker-circle sticker-point sticker-lg"
                      />
                      <div
                        class="timeline-item-label timeline-time-label label-root"
                      >
                        10:56pm
                      </div>
                    </div>
                    <div
                      class="timeline-panel-body-content selectable"
                      role="button"
                      tabindex="0"
                    >
                      <div
                        class="timeline-panel-body-content-text"
                      >
                        <span
                          class="title"
                        >
                          <span
                            class="text-truncate"
                            data-tooltip="false"
                            title=""
                          >
                            Visited Liferay: Testing
                          </span>
                        </span>
                        <span
                          class="text-truncate subtitle"
                          data-tooltip="false"
                          title=""
                        >
                          www.liferay.com/testing
                        </span>
                      </div>
                      <svg
                        class="lexicon-icon lexicon-icon-caret-bottom icon-root"
                        role="presentation"
                      >
                        <use
                          href="#caret-bottom"
                        />
                      </svg>
                    </div>
                  </div>
                </div>
              </li>
              <li
                class="timeline-item"
              >
                <div
                  class="timeline-panel"
                >
                  <div
                    class="timeline-panel-body"
                  >
                    <div
                      class="timeline-line"
                    />
                    <div
                      class="timeline-increment"
                    >
                      <div
                        class="sticker sticker-root sticker-static sticker-circle sticker-point sticker-lg"
                      />
                      <div
                        class="timeline-item-label timeline-time-label label-root"
                      >
                        10:56pm
                      </div>
                    </div>
                    <div
                      class="timeline-panel-body-content"
                    >
                      <div
                        class="timeline-panel-body-content-text"
                      >
                        <span
                          class="title"
                        >
                          <span
                            class="text-truncate"
                            data-tooltip="false"
                            title=""
                          >
                            Visited Liferay: Testing 2
                          </span>
                        </span>
                        <span
                          class="text-truncate subtitle"
                          data-tooltip="false"
                          title=""
                        >
                          www.liferay.com/testing 2
                        </span>
                      </div>
                      <svg
                        class="lexicon-icon lexicon-icon-caret-bottom icon-root"
                        role="presentation"
                      >
                        <use
                          href="#caret-bottom"
                        />
                      </svg>
                    </div>
                  </div>
                </div>
              </li>
            </ul>
          </div>
        </div>
      </li>
      <li
        class="timeline-item expanded header"
      >
        <div
          class="timeline-panel"
        >
          <div
            class="timeline-panel-body"
          >
            <div
              class="timeline-panel-body-content"
            >
              <div
                class="timeline-panel-body-content-text"
              >
                <span
                  class="title"
                >
                  Today
                </span>
                <svg
                  class="lexicon-icon lexicon-icon-ac_event_icon event-icon icon-root"
                  role="presentation"
                >
                  <use
                    href="#ac_event_icon"
                  />
                </svg>
                <span
                  class="item-count"
                />
              </div>
            </div>
            <div
              class="timeline-panel-body-content"
            >
              <div
                class="timeline-panel-body-content-text"
              >
                <div
                  class="attributes-title"
                >
                  <span
                    class="label-root"
                  />
                </div>
              </div>
            </div>
          </div>
        </div>
      </li>
      <li
        class="timeline-item expanded"
      >
        <div
          class="timeline-panel"
        >
          <div
            class="timeline-panel-body"
          >
            <div
              class="timeline-line"
            />
            <div
              class="timeline-increment"
            >
              <div
                class="sticker sticker-root sticker-static sticker-circle sticker-point sticker-lg"
              />
              <div
                class="timeline-item-label timeline-time-label label-root"
              >
                <span>
                  10:56pm
                </span>
                 - 
                <span>
                  8:52pm
                </span>
              </div>
            </div>
            <div
              class="timeline-panel-body-content selectable"
              role="button"
              tabindex="0"
            >
              <div
                class="timeline-panel-body-content-text"
              >
                <span
                  class="title"
                >
                  <span
                    class="text-truncate"
                    data-tooltip="false"
                    title=""
                  >
                    Opened Email
                  </span>
                </span>
                <span
                  class="text-truncate subtitle"
                  data-tooltip="false"
                  title=""
                >
                  3 Document Downloads, 2 Form Submissions, 24 Page Visits
                </span>
              </div>
              <div
                class="timeline-panel-body-content-details"
              >
                <div
                  class="icon-group"
                >
                  <svg
                    class="lexicon-icon lexicon-icon-ac_event_icon event-icon icon-root"
                    role="presentation"
                  >
                    <use
                      href="#ac_event_icon"
                    />
                  </svg>
                  <span
                    class="item-count"
                  >
                    2
                  </span>
                  <span
                    class="device-icon"
                    data-tooltip="true"
                    data-tooltip-align="bottom"
                    title="Mobile
Firefox"
                  >
                    <svg
                      class="lexicon-icon lexicon-icon-mobile-portrait icon-root mainLighten28"
                      role="presentation"
                    >
                      <use
                        href="#mobile-portrait"
                      />
                    </svg>
                  </span>
                </div>
              </div>
              <svg
                class="lexicon-icon lexicon-icon-caret-top icon-root"
                role="presentation"
              >
                <use
                  href="#caret-top"
                />
              </svg>
            </div>
            <div
              class="timeline-panel-body-content"
            >
              <div
                class="timeline-panel-body-content-text"
              >
                <div
                  class="attributes-title"
                >
                  <span
                    class="label-root"
                  >
                    Session Attributes
                  </span>
                </div>
                <div
                  class="attributes-item"
                >
                  <span
                    class="attribute-key"
                  >
                    screenHeight
                  </span>
                  <span
                    class="text-truncate attribute-value"
                    data-tooltip="false"
                    title=""
                  >
                    1229
                  </span>
                </div>
                <div
                  class="attributes-item"
                >
                  <span
                    class="attribute-key"
                  >
                    screenWidth
                  </span>
                  <span
                    class="text-truncate attribute-value"
                    data-tooltip="false"
                    title=""
                  >
                    1541
                  </span>
                </div>
                <div
                  class="attributes-item"
                >
                  <span
                    class="attribute-key"
                  >
                    timezoneOffset
                  </span>
                  <span
                    class="text-truncate attribute-value"
                    data-tooltip="false"
                    title=""
                  >
                    -07:00
                  </span>
                </div>
                <div
                  class="attributes-item"
                >
                  <span
                    class="attribute-key"
                  >
                    userAgent
                  </span>
                  <span
                    class="text-truncate attribute-value"
                    data-tooltip="false"
                    title=""
                  >
                    Mozilla/5.0 (X11; Linux x86_64) AppleWebKit/537.36 (KHTML, like Gecko) Chrome/92.0.4515.159 Safari/537.36
                  </span>
                </div>
              </div>
            </div>
          </div>
          <div
            class="vertical-timeline-root"
          >
            <ul
              class="timeline timeline-center timeline-nested"
            >
              <li
                class="timeline-item"
              >
                <div
                  class="timeline-panel"
                >
                  <div
                    class="timeline-panel-body"
                  >
                    <div
                      class="timeline-line"
                    />
                    <div
                      class="timeline-increment"
                    >
                      <div
                        class="sticker sticker-root sticker-static sticker-circle sticker-point sticker-lg"
                      />
                      <div
                        class="timeline-item-label timeline-time-label label-root"
                      >
                        10:56pm
                      </div>
                    </div>
                    <div
                      class="timeline-panel-body-content selectable"
                      role="button"
                      tabindex="0"
                    >
                      <div
                        class="timeline-panel-body-content-text"
                      >
                        <span
                          class="title"
                        >
                          <span
                            class="text-truncate"
                            data-tooltip="false"
                            title=""
                          >
                            Visited Liferay: Testing
                          </span>
                        </span>
                        <span
                          class="text-truncate subtitle"
                          data-tooltip="false"
                          title=""
                        >
                          www.liferay.com/testing
                        </span>
                      </div>
                      <svg
                        class="lexicon-icon lexicon-icon-caret-bottom icon-root"
                        role="presentation"
                      >
                        <use
                          href="#caret-bottom"
                        />
                      </svg>
                    </div>
                  </div>
                </div>
              </li>
              <li
                class="timeline-item"
              >
                <div
                  class="timeline-panel"
                >
                  <div
                    class="timeline-panel-body"
                  >
                    <div
                      class="timeline-line"
                    />
                    <div
                      class="timeline-increment"
                    >
                      <div
                        class="sticker sticker-root sticker-static sticker-circle sticker-point sticker-lg"
                      />
                      <div
                        class="timeline-item-label timeline-time-label label-root"
                      >
                        10:56pm
                      </div>
                    </div>
                    <div
                      class="timeline-panel-body-content"
                    >
                      <div
                        class="timeline-panel-body-content-text"
                      >
                        <span
                          class="title"
                        >
                          <span
                            class="text-truncate"
                            data-tooltip="false"
                            title=""
                          >
                            Visited Liferay: Testing 2
                          </span>
                        </span>
                        <span
                          class="text-truncate subtitle"
                          data-tooltip="false"
                          title=""
                        >
                          www.liferay.com/testing 2
                        </span>
                      </div>
                      <svg
                        class="lexicon-icon lexicon-icon-caret-bottom icon-root"
                        role="presentation"
                      >
                        <use
                          href="#caret-bottom"
                        />
                      </svg>
                    </div>
                  </div>
                </div>
              </li>
            </ul>
          </div>
        </div>
      </li>
      <li
        class="timeline-item expanded"
      >
        <div
          class="timeline-panel"
        >
          <div
            class="timeline-panel-body"
          >
            <div
              class="timeline-line"
            />
            <div
              class="timeline-increment"
            >
              <div
                class="sticker sticker-root sticker-static sticker-circle sticker-point sticker-lg"
              />
              <div
                class="timeline-item-label timeline-time-label label-root"
              >
                <span>
                  10:56pm
                </span>
                 - 
                <span>
                  8:52pm
                </span>
              </div>
            </div>
            <div
              class="timeline-panel-body-content selectable"
              role="button"
              tabindex="0"
            >
              <div
                class="timeline-panel-body-content-text"
              >
                <span
                  class="text-truncate"
                >
                  <a
                    class="title"
                    href="/www.liferay.com"
                  >
                    <span
                      class="text-truncate"
                      data-tooltip="false"
                      title=""
                    >
                      Opened Email
                    </span>
                  </a>
                </span>
                <span
                  class="text-truncate subtitle"
                  data-tooltip="false"
                  title=""
                >
                  3 Document Downloads, 2 Form Submissions, 24 Page Visits
                </span>
              </div>
              <div
                class="timeline-panel-body-content-details"
              >
                <div
                  class="icon-group"
                >
                  <svg
                    class="lexicon-icon lexicon-icon-ac_event_icon event-icon icon-root"
                    role="presentation"
                  >
                    <use
                      href="#ac_event_icon"
                    />
                  </svg>
                  <span
                    class="item-count"
                  >
                    2
                  </span>
                  <span
                    class="device-icon"
                    data-tooltip="true"
                    data-tooltip-align="bottom"
                    title="Desktop
Firefox"
                  >
                    <svg
                      class="lexicon-icon lexicon-icon-ac_display icon-root mainLighten28"
                      role="presentation"
                    >
                      <use
                        href="#ac_display"
                      />
                    </svg>
                  </span>
                </div>
              </div>
              <svg
                class="lexicon-icon lexicon-icon-caret-top icon-root"
                role="presentation"
              >
                <use
                  href="#caret-top"
                />
              </svg>
            </div>
            <div
              class="timeline-panel-body-content"
            >
              <div
                class="timeline-panel-body-content-text"
              >
                <div
                  class="attributes-title"
                >
                  <span
                    class="label-root"
                  >
                    Session Attributes
                  </span>
                </div>
                <div
                  class="attributes-item"
                >
                  <span
                    class="attribute-key"
                  >
                    screenHeight
                  </span>
                  <span
                    class="text-truncate attribute-value"
                    data-tooltip="false"
                    title=""
                  >
                    1229
                  </span>
                </div>
                <div
                  class="attributes-item"
                >
                  <span
                    class="attribute-key"
                  >
                    screenWidth
                  </span>
                  <span
                    class="text-truncate attribute-value"
                    data-tooltip="false"
                    title=""
                  >
                    1541
                  </span>
                </div>
                <div
                  class="attributes-item"
                >
                  <span
                    class="attribute-key"
                  >
                    timezoneOffset
                  </span>
                  <span
                    class="text-truncate attribute-value"
                    data-tooltip="false"
                    title=""
                  >
                    -07:00
                  </span>
                </div>
                <div
                  class="attributes-item"
                >
                  <span
                    class="attribute-key"
                  >
                    userAgent
                  </span>
                  <span
                    class="text-truncate attribute-value"
                    data-tooltip="false"
                    title=""
                  >
                    Mozilla/5.0 (X11; Linux x86_64) AppleWebKit/537.36 (KHTML, like Gecko) Chrome/92.0.4515.159 Safari/537.36
                  </span>
                </div>
              </div>
            </div>
          </div>
          <div
            class="vertical-timeline-root"
          >
            <ul
              class="timeline timeline-center timeline-nested"
            >
              <li
                class="timeline-item"
              >
                <div
                  class="timeline-panel"
                >
                  <div
                    class="timeline-panel-body"
                  >
                    <div
                      class="timeline-line"
                    />
                    <div
                      class="timeline-increment"
                    >
                      <div
                        class="sticker sticker-root sticker-static sticker-circle sticker-point sticker-lg"
                      />
                      <div
                        class="timeline-item-label timeline-time-label label-root"
                      >
                        10:56pm
                      </div>
                    </div>
                    <div
                      class="timeline-panel-body-content selectable"
                      role="button"
                      tabindex="0"
                    >
                      <div
                        class="timeline-panel-body-content-text"
                      >
                        <span
                          class="title"
                        >
                          <span
                            class="text-truncate"
                            data-tooltip="false"
                            title=""
                          >
                            Visited Liferay: Testing
                          </span>
                        </span>
                        <span
                          class="description"
                        >
                          Liferay: Digital experience software tailored to your needs
                        </span>
                        <span
                          class="text-truncate subtitle"
                          data-tooltip="false"
                          title=""
                        >
                          www.liferay.com/testing
                        </span>
                      </div>
                      <svg
                        class="lexicon-icon lexicon-icon-caret-bottom icon-root"
                        role="presentation"
                      >
                        <use
                          href="#caret-bottom"
                        />
                      </svg>
                    </div>
                  </div>
                </div>
              </li>
              <li
                class="timeline-item"
              >
                <div
                  class="timeline-panel"
                >
                  <div
                    class="timeline-panel-body"
                  >
                    <div
                      class="timeline-line"
                    />
                    <div
                      class="timeline-increment"
                    >
                      <div
                        class="sticker sticker-root sticker-static sticker-circle sticker-point sticker-lg"
                      />
                      <div
                        class="timeline-item-label timeline-time-label label-root"
                      >
                        10:56pm
                      </div>
                    </div>
                    <div
                      class="timeline-panel-body-content selectable"
                      role="button"
                      tabindex="0"
                    >
                      <div
                        class="timeline-panel-body-content-text"
                      >
                        <span
                          class="title"
                        >
                          <span
                            class="text-truncate"
                            data-tooltip="false"
                            title=""
                          >
                            Visited Liferay: Testing 2
                          </span>
                        </span>
                        <span
                          class="text-truncate subtitle"
                          data-tooltip="false"
                          title=""
                        >
                          www.liferay.com/testing 2
                        </span>
                      </div>
                      <svg
                        class="lexicon-icon lexicon-icon-caret-bottom icon-root"
                        role="presentation"
                      >
                        <use
                          href="#caret-bottom"
                        />
                      </svg>
                    </div>
                  </div>
                </div>
              </li>
            </ul>
          </div>
        </div>
      </li>
    </ul>
  </div>
</div>
`;
