// Jest Snapshot v1, https://goo.gl/fbAQLP

exports[`DropdownRangeKey should render 1`] = `
<div>
  <div
    class="dropdown dropdown-range-key-root"
  >
    <button
      aria-expanded="false"
      aria-haspopup="true"
      class="dropdown-toggle button-root btn btn-outline-borderless btn-sm btn-outline-secondary"
      type="button"
    >
      <svg
        class="lexicon-icon lexicon-icon-filter icon-root mr-2"
        role="presentation"
      >
        <use
          href="#filter"
        />
      </svg>
      Select Date Range
      <svg
        class="lexicon-icon lexicon-icon-caret-bottom icon-root ml-2"
        role="presentation"
      >
        <use
          href="#caret-bottom"
        />
      </svg>
    </button>
  </div>
</div>
`;
