// Jest Snapshot v1, https://goo.gl/fbAQLP

exports[`WorkspacesBasePage should render 1`] = `
<div>
  <div
    class="workspaces-base-page-root"
  >
    <div
      class="header-container"
    >
      <a
        class=""
        href="https://liferay.com"
        rel="noreferrer noopener"
        target="_blank"
      >
        <svg
          class="lexicon-icon lexicon-icon-liferay_logo icon-root liferay-logo"
          role="presentation"
        >
          <use
            href="#liferay_logo"
          />
        </svg>
        <span
          class="sr-only"
        >
          (Opens a new window)
        </span>
      </a>
      <div>
        <button
          class="user-menu button-root btn btn-unstyled trigger"
          type="button"
        >
          <div
            class="text-truncate"
          >
            <div
              class="sticker sticker-root sticker-static avatar sticker-circle"
            >
              TT
            </div>
            <span
              class="user-name"
            >
              Test Test
            </span>
            <svg
              class="lexicon-icon lexicon-icon-caret-bottom icon-root caret"
              role="presentation"
            >
              <use
                href="#caret-bottom"
              />
            </svg>
          </div>
        </button>
      </div>
    </div>
    <div
      class="content"
    >
      <div
        class="content-container"
      >
        <div
          class="title-container"
        >
          <div
            class="logo-container"
          >
            <svg
              class="lexicon-icon lexicon-icon-ac_logo icon-root logo-icon"
              role="presentation"
            >
              <use
                href="#ac_logo"
              />
            </svg>
            <span
              class="logo-text"
            >
              Analytics Cloud
            </span>
          </div>
          <h1
            class="title"
          >
            Test Title
          </h1>
          <div
            class="details-container"
          >
            <p>
              Test Details
            </p>
            <p>
              More Test Details
            </p>
          </div>
        </div>
      </div>
    </div>
  </div>
</div>
`;
