// Jest Snapshot v1, https://goo.gl/fbAQLP

exports[`SidebarPanelInfoView renders 1`] = `
<DocumentFragment>
  <div
    class="cadmin"
  >
    <div
      class="content-dashboard sidebar sidebar-light sidebar-sm"
    >
      <section
        class="is-sticky sidebar-header"
      >
        <div
          class="sidebar-section autofit-row"
        >
          <div
            class="justify-content-center autofit-col autofit-col-expand"
          >
            <p
              class="font-weight-bold mb-0 pr-2"
            >
              Basic Web Content Title
            </p>
          </div>
          <div
            class="autofit-col"
          >
            <button
              aria-label="Subscribe"
              class="component-action mr-2 btn btn-monospaced btn-unstyled"
              data-tooltip-align="bottom"
              title="Subscribe"
              type="button"
            >
              <svg
                class="lexicon-icon lexicon-icon-bell-on"
                role="presentation"
              >
                <use
                  href="#bell-on"
                />
              </svg>
            </button>
          </div>
          <div
            class="autofit-col"
          >
            <button
              aria-label="close"
              class="component-action text-secondary btn btn-monospaced btn-unstyled"
              data-tooltip-align="bottom"
              title="close"
              type="button"
            >
              <svg
                class="lexicon-icon lexicon-icon-times"
                role="presentation"
              >
                <use
                  href="#times"
                />
              </svg>
            </button>
          </div>
        </div>
        <div
          class="autofit-row"
        >
          <div>
            <div
              class="sidebar-section sidebar-section--compress"
            >
              <p
                class="c-mb-1 text-secondary"
                data-qa-id="assetTypeInfo"
              >
                Web Content Article - Basic Web Content
              </p>
              <div
                class="c-mt-2"
              >
                <span
                  class="label label-info"
                >
                  <span
                    class="label-item label-item-expand"
                  >
                    version 1.6
                  </span>
                </span>
                <span
                  class="label label-success"
                >
                  <span
                    class="label-item label-item-expand"
                  >
                    Approved
                  </span>
                </span>
              </div>
              <div
                class="c-mt-2"
              >
                <span
                  class="label label-info"
                >
                  <span
                    class="label-item label-item-expand"
                  >
                    version 1.7
                  </span>
                </span>
                <span
                  class="label label-secondary"
                >
                  <span
                    class="label-item label-item-expand"
                  >
                    Draft
                  </span>
                </span>
              </div>
            </div>
            <div
              class="mb-1 sidebar-section"
            >
              <span
                class="sticker sticker-user-icon user-icon-color-6 sticker-circle"
              >
                <span
                  class="sticker-overlay"
                >
                  <svg
                    class="lexicon-icon lexicon-icon-user"
                    role="presentation"
                  >
                    <use
                      href="#user"
                    />
                  </svg>
                </span>
              </span>
              <span
                class="c-ml-2 text-secondary"
              >
                Kate Williams
              </span>
            </div>
          </div>
        </div>
      </section>
      <div
        class="c-mb-3 sidebar-section"
      >
        <ul
          class="nav nav-tabs c-px-3 d-flex flex-nowrap justify-content-start"
          role="tablist"
        >
          <li
            class="nav-item flex-shrink-0"
            role="none"
          >
            <button
              aria-controls="details"
              aria-selected="true"
              class="nav-link active btn btn-unstyled"
              role="tab"
              tabindex="0"
              type="button"
            >
              details
            </button>
          </li>
          <li
            class="nav-item flex-shrink-0"
            role="none"
          >
            <button
              aria-controls="categorization"
              aria-selected="false"
              class="nav-link btn btn-unstyled"
              role="tab"
              tabindex="-1"
              type="button"
            >
              categorization
            </button>
          </li>
          <li
            class="nav-item flex-shrink-0"
            role="none"
          >
            <button
              aria-controls="performance"
              aria-selected="false"
              class="nav-link btn btn-unstyled"
              role="tab"
              tabindex="-1"
              type="button"
            >
              performance
            </button>
          </li>
          <div
            class="dropdown"
            innerprops="[object Object]"
          >
            <li
              aria-controls="clay-dropdown-menu-1"
              aria-expanded="false"
              aria-haspopup="true"
              class="nav-item dropdown-toggle"
              role="none"
            >
              <button
                aria-selected="false"
                class="nav-link btn btn-unstyled"
                role="tab"
                tabindex="-1"
                type="button"
              >
                more
                <svg
                  class="lexicon-icon lexicon-icon-caret-bottom"
                  role="presentation"
                >
                  <use
                    href="#caret-bottom"
                  />
                </svg>
              </button>
            </li>
          </div>
        </ul>
      </div>
      <div
        class="sidebar-body"
      >
        <div>
          <div
            class="tab-content"
          >
            <div
              aria-labelledby="tab-0"
              class="tab-pane active fade show flex-shrink-0"
              role="tabpanel"
              tabindex="0"
            >
              <div
                class="panel c-mb-1 panel-unstyled"
              >
                <button
                  aria-controls="clay-id-2"
                  aria-expanded="true"
                  class="panel-header panel-header-link collapse-icon collapse-icon-middle show btn btn-unstyled"
                  type="button"
                >
                  <div>
                    <div
                      class="autofit-row"
                    >
                      <div
                        class="align-self-center panel-title autofit-col autofit-col-expand"
                      >
                        <span
                          aria-label="view properties"
                        >
                          properties
                        </span>
                      </div>
                    </div>
                  </div>
                  <span
                    class="collapse-icon-closed"
                  >
                    <svg
                      class="lexicon-icon lexicon-icon-angle-right"
                      role="presentation"
                    >
                      <use
                        href="#angle-right"
                      />
                    </svg>
                  </span>
                  <span
                    class="collapse-icon-open"
                  >
                    <svg
                      class="lexicon-icon lexicon-icon-angle-down"
                      role="presentation"
                    >
                      <use
                        href="#angle-down"
                      />
                    </svg>
                  </span>
                </button>
                <div
                  aria-labelledby="clay-id-2"
                  class="panel-collapse"
                  id="clay-id-2"
                  role="region"
                >
                  <div
                    class="panel-body"
                  >
                    <div
                      class="sidebar-section"
                    >
                      <div
                        class="c-mb-4 sidebar-section"
                      >
                        <div
                          class="c-mb-1 font-weight-semi-bold h5"
                        >
                          Display Date
                        </div>
                        <time>
                          Jul 27, 2020, 10:53 AM
                        </time>
                      </div>
                      <div
                        class="c-mb-4 sidebar-section"
                      >
                        <div
                          class="c-mb-1 font-weight-semi-bold h5"
                        >
                          Expiration Date
                        </div>
                        <time>
                          Jul 28, 2020, 10:00 AM
                        </time>
                      </div>
                      <div
                        class="c-mb-4 sidebar-section"
                      >
                        <div
                          class="c-mb-1 font-weight-semi-bold h5"
                        >
                          Review Date
                        </div>
                        <time>
                          Jul 27, 2020, 2:14 PM
                        </time>
                      </div>
                      <div
                        class="c-mb-4 sidebar-section"
                      >
                        <div
                          class="c-mb-1 font-weight-semi-bold h5"
                        >
                          creation-date
                        </div>
                        <p
                          class="text-secondary"
                        >
                          Jul 27, 2020, 10:50 AM
                        </p>
                      </div>
                      <div
                        class="c-mb-4 sidebar-section"
                      >
                        <div
                          class="c-mb-1 font-weight-semi-bold h5"
                        >
                          modified-date
                        </div>
                        <p
                          class="text-secondary"
                        >
                          Jul 27, 2020, 10:56 AM
                        </p>
                      </div>
                      <div
                        class="c-mb-4 sidebar-section"
                      >
                        <div
                          class="c-mb-1 font-weight-semi-bold h5"
                        >
                          id
                        </div>
                        <p
                          class="text-secondary"
                        >
                          38070
                        </p>
                      </div>
                    </div>
                    <div
                      class="c-mb-4 sidebar-section"
                    >
                      <div
                        class="font-weight-semi-bold h5"
                      >
                        languages-translated-into
                      </div>
                      <div
                        class="autofit-row autofit-row-center"
                      >
                        <div
                          class="inline-item-before autofit-col"
                        >
                          <svg
                            class="lexicon-icon lexicon-icon-en-us c-mt-1"
                            role="presentation"
                          >
                            <use
                              href="#en-us"
                            />
                          </svg>
                        </div>
                        <div
                          class="autofit-col autofit-col-expand"
                        >
                          <div
                            class="autofit-row autofit-row-center"
                          >
                            <div
                              class="inline-item-before small autofit-col"
                            >
                              en-US
                            </div>
                            <div
                              class="autofit-col"
                            >
                              <span
                                class="label d-inline label-info"
                              >
                                <span
                                  class="label-item label-item-expand"
                                >
                                  default
                                </span>
                              </span>
                            </div>
                          </div>
                        </div>
                        <div
                          class="autofit-col"
                        >
                          <a
                            class="link-monospaced link-outline link-outline-borderless link-outline-secondary"
                            data-tooltip-align="top"
                            href="http://localhost:8080/en-US/web/guest/-/basic-web-content-title"
                            title="view"
                          >
                            <svg
                              class="lexicon-icon lexicon-icon-view"
                              role="presentation"
                            >
                              <use
                                href="#view"
                              />
                            </svg>
                          </a>
                        </div>
                      </div>
                      <div
                        class="autofit-row autofit-row-center"
                      >
                        <div
                          class="inline-item-before autofit-col"
                        >
                          <svg
                            class="lexicon-icon lexicon-icon-es-es c-mt-1"
                            role="presentation"
                          >
                            <use
                              href="#es-es"
                            />
                          </svg>
                        </div>
                        <div
                          class="autofit-col autofit-col-expand"
                        >
                          <div
                            class="autofit-row autofit-row-center"
                          >
                            <div
                              class="inline-item-before small autofit-col"
                            >
                              es-ES
                            </div>
                            <div
                              class="autofit-col"
                            />
                          </div>
                        </div>
                        <div
                          class="autofit-col"
                        >
                          <a
                            class="link-monospaced link-outline link-outline-borderless link-outline-secondary"
                            data-tooltip-align="top"
                            href="http://localhost:8080/es-ES/web/guest/-/basic-web-content-title"
                            title="view"
                          >
                            <svg
                              class="lexicon-icon lexicon-icon-view"
                              role="presentation"
                            >
                              <use
                                href="#view"
                              />
                            </svg>
                          </a>
                        </div>
                      </div>
                      <div
                        class="autofit-row autofit-row-center"
                      >
                        <div
                          class="inline-item-before autofit-col"
                        >
                          <svg
                            class="lexicon-icon lexicon-icon-fr-fr c-mt-1"
                            role="presentation"
                          >
                            <use
                              href="#fr-fr"
                            />
                          </svg>
                        </div>
                        <div
                          class="autofit-col autofit-col-expand"
                        >
                          <div
                            class="autofit-row autofit-row-center"
                          >
                            <div
                              class="inline-item-before small autofit-col"
                            >
                              fr-FR
                            </div>
                            <div
                              class="autofit-col"
                            />
                          </div>
                        </div>
                        <div
                          class="autofit-col"
                        >
                          <a
                            class="link-monospaced link-outline link-outline-borderless link-outline-secondary"
                            data-tooltip-align="top"
                            href="http://localhost:8080/fr-FR/web/guest/-/basic-web-content-title"
                            title="view"
                          >
                            <svg
                              class="lexicon-icon lexicon-icon-view"
                              role="presentation"
                            >
                              <use
                                href="#view"
                              />
                            </svg>
                          </a>
                        </div>
                      </div>
                      <div
                        class="autofit-row autofit-row-center"
                      >
                        <div
                          class="inline-item-before autofit-col"
                        >
                          <svg
                            class="lexicon-icon lexicon-icon-pt-br c-mt-1"
                            role="presentation"
                          >
                            <use
                              href="#pt-br"
                            />
                          </svg>
                        </div>
                        <div
                          class="autofit-col autofit-col-expand"
                        >
                          <div
                            class="autofit-row autofit-row-center"
                          >
                            <div
                              class="inline-item-before small autofit-col"
                            >
                              pt-BR
                            </div>
                            <div
                              class="autofit-col"
                            />
                          </div>
                        </div>
                        <div
                          class="autofit-col"
                        >
                          <a
                            class="link-monospaced link-outline link-outline-borderless link-outline-secondary"
                            data-tooltip-align="top"
                            href="http://localhost:8080/pt-BR/web/guest/-/basic-web-content-title"
                            title="view"
                          >
                            <svg
                              class="lexicon-icon lexicon-icon-view"
                              role="presentation"
                            >
                              <use
                                href="#view"
                              />
                            </svg>
                          </a>
                        </div>
                      </div>
                    </div>
                  </div>
                </div>
              </div>
            </div>
            <div
              aria-labelledby="tab-1"
              class="tab-pane fade flex-shrink-0"
              role="tabpanel"
              tabindex="0"
            >
              <div
                class="panel c-mb-1 panel-unstyled"
              >
                <button
                  aria-controls="clay-id-3"
                  aria-expanded="true"
                  class="panel-header panel-header-link collapse-icon collapse-icon-middle show btn btn-unstyled"
                  type="button"
                >
                  <div>
                    <div
                      class="autofit-row"
                    >
                      <div
                        class="align-self-center panel-title autofit-col autofit-col-expand"
                      >
                        <span
                          aria-label="view public-categories"
                        >
                          public-categories
                        </span>
                      </div>
                    </div>
                  </div>
                  <span
                    class="collapse-icon-closed"
                  >
                    <svg
                      class="lexicon-icon lexicon-icon-angle-right"
                      role="presentation"
                    >
                      <use
                        href="#angle-right"
                      />
                    </svg>
                  </span>
                  <span
                    class="collapse-icon-open"
                  >
                    <svg
                      class="lexicon-icon lexicon-icon-angle-down"
                      role="presentation"
                    >
                      <use
                        href="#angle-down"
                      />
                    </svg>
                  </span>
                </button>
                <div
                  aria-labelledby="clay-id-3"
                  class="panel-collapse"
                  id="clay-id-3"
                  role="region"
                >
                  <div
                    class="panel-body"
                  >
                    <div>
                      <div
                        class="c-mb-2 font-weight-semi-bold h5 vocabulary"
                      >
                        AA Another Fake vocabulary (Liferay)
                      </div>
                      <p>
                        <span
                          class="label c-mr-2 label-lg label-secondary"
                        >
                          <span
                            class="label-item label-item-expand"
                          >
                            Another Fake 1
                          </span>
                        </span>
                        <span
                          class="label c-mr-2 label-lg label-secondary"
                        >
                          <span
                            class="label-item label-item-expand"
                          >
                            Another Fake 2
                          </span>
                        </span>
                        <span
                          class="label c-mr-2 label-lg label-secondary"
                        >
                          <span
                            class="label-item label-item-expand"
                          >
                            Another Fake 3
                          </span>
                        </span>
                        <span
                          class="label c-mr-2 label-lg label-secondary"
                        >
                          <span
                            class="label-item label-item-expand"
                          >
                            Another Fake 4
                          </span>
                        </span>
                        <span
                          class="label c-mr-2 label-lg label-secondary"
                        >
                          <span
                            class="label-item label-item-expand"
                          >
                            Another Fake 5
                          </span>
                        </span>
                        <span
                          class="label c-mr-2 label-lg label-secondary"
                        >
                          <span
                            class="label-item label-item-expand"
                          >
                            Another Fake 6
                          </span>
                        </span>
                      </p>
                      <div
                        class="c-mb-2 font-weight-semi-bold h5 vocabulary"
                      >
                        Clothes (Demo Site)
                      </div>
                      <p>
                        <span
                          class="label c-mr-2 label-lg label-secondary"
                        >
                          <span
                            class="label-item label-item-expand"
                          >
                            Clothe 1
                          </span>
                        </span>
                        <span
                          class="label c-mr-2 label-lg label-secondary"
                        >
                          <span
                            class="label-item label-item-expand"
                          >
                            Clothe 2
                          </span>
                        </span>
                        <span
                          class="label c-mr-2 label-lg label-secondary"
                        >
                          <span
                            class="label-item label-item-expand"
                          >
                            Clothe 3
                          </span>
                        </span>
                        <span
                          class="label c-mr-2 label-lg label-secondary"
                        >
                          <span
                            class="label-item label-item-expand"
                          >
                            Clothe 4
                          </span>
                        </span>
                        <span
                          class="label c-mr-2 label-lg label-secondary"
                        >
                          <span
                            class="label-item label-item-expand"
                          >
                            Clothe 5
                          </span>
                        </span>
                        <span
                          class="label c-mr-2 label-lg label-secondary"
                        >
                          <span
                            class="label-item label-item-expand"
                          >
                            Clothe 6
                          </span>
                        </span>
                        <span
                          class="label c-mr-2 label-lg label-secondary"
                        >
                          <span
                            class="label-item label-item-expand"
                          >
                            Clothe 7
                          </span>
                        </span>
                      </p>
                      <div
                        class="c-mb-2 font-weight-semi-bold h5 vocabulary"
                      >
                        Developers (Liferay)
                      </div>
                      <p>
                        <span
                          class="label c-mr-2 label-lg label-secondary"
                        >
                          <span
                            class="label-item label-item-expand"
                          >
                            Backend
                          </span>
                        </span>
                        <span
                          class="label c-mr-2 label-lg label-secondary"
                        >
                          <span
                            class="label-item label-item-expand"
                          >
                            Data Scientist
                          </span>
                        </span>
                        <span
                          class="label c-mr-2 label-lg label-secondary"
                        >
                          <span
                            class="label-item label-item-expand"
                          >
                            Design
                          </span>
                        </span>
                        <span
                          class="label c-mr-2 label-lg label-secondary"
                        >
                          <span
                            class="label-item label-item-expand"
                          >
                            Devops
                          </span>
                        </span>
                        <span
                          class="label c-mr-2 label-lg label-secondary"
                        >
                          <span
                            class="label-item label-item-expand"
                          >
                            Frontend
                          </span>
                        </span>
                        <span
                          class="label c-mr-2 label-lg label-secondary"
                        >
                          <span
                            class="label-item label-item-expand"
                          >
                            QA
                          </span>
                        </span>
                      </p>
                      <div
                        class="c-mb-2 font-weight-semi-bold h5 vocabulary"
                      >
                        Travel (Demo Site)
                      </div>
                      <p>
                        <span
                          class="label c-mr-2 label-lg label-secondary"
                        >
                          <span
                            class="label-item label-item-expand"
                          >
                            Travel 1
                          </span>
                        </span>
                        <span
                          class="label c-mr-2 label-lg label-secondary"
                        >
                          <span
                            class="label-item label-item-expand"
                          >
                            Travel 2
                          </span>
                        </span>
                        <span
                          class="label c-mr-2 label-lg label-secondary"
                        >
                          <span
                            class="label-item label-item-expand"
                          >
                            Travel 3
                          </span>
                        </span>
                        <span
                          class="label c-mr-2 label-lg label-secondary"
                        >
                          <span
                            class="label-item label-item-expand"
                          >
                            Travel 4
                          </span>
                        </span>
                        <span
                          class="label c-mr-2 label-lg label-secondary"
                        >
                          <span
                            class="label-item label-item-expand"
                          >
                            Travel 5
                          </span>
                        </span>
                        <span
                          class="label c-mr-2 label-lg label-secondary"
                        >
                          <span
                            class="label-item label-item-expand"
                          >
                            Travel 6
                          </span>
                        </span>
                        <span
                          class="label c-mr-2 label-lg label-secondary"
                        >
                          <span
                            class="label-item label-item-expand"
                          >
                            Travel 7
                          </span>
                        </span>
                      </p>
                      <div
                        class="c-mb-2 font-weight-semi-bold h5 vocabulary"
                      >
                        ZZ Fake vocabulary (Liferay)
                      </div>
                      <p>
                        <span
                          class="label c-mr-2 label-lg label-secondary"
                        >
                          <span
                            class="label-item label-item-expand"
                          >
                            Fake 1
                          </span>
                        </span>
                        <span
                          class="label c-mr-2 label-lg label-secondary"
                        >
                          <span
                            class="label-item label-item-expand"
                          >
                            Fake 2
                          </span>
                        </span>
                        <span
                          class="label c-mr-2 label-lg label-secondary"
                        >
                          <span
                            class="label-item label-item-expand"
                          >
                            Fake 3
                          </span>
                        </span>
                        <span
                          class="label c-mr-2 label-lg label-secondary"
                        >
                          <span
                            class="label-item label-item-expand"
                          >
                            Fake 4
                          </span>
                        </span>
                        <span
                          class="label c-mr-2 label-lg label-secondary"
                        >
                          <span
                            class="label-item label-item-expand"
                          >
                            Fake 5
                          </span>
                        </span>
                        <span
                          class="label c-mr-2 label-lg label-secondary"
                        >
                          <span
                            class="label-item label-item-expand"
                          >
                            Fake 6
                          </span>
                        </span>
                      </p>
                      <div
                        class="c-mb-2 font-weight-semi-bold h5 vocabulary"
                      >
                        AA Another Global Random Vocabulary (Global)
                      </div>
                      <p>
                        <span
                          class="label c-mr-2 label-lg label-secondary"
                        >
                          <span
                            class="label-item label-item-expand"
                          >
                            Another Global Random 1
                          </span>
                        </span>
                        <span
                          class="label c-mr-2 label-lg label-secondary"
                        >
                          <span
                            class="label-item label-item-expand"
                          >
                            Another Global Random 2
                          </span>
                        </span>
                        <span
                          class="label c-mr-2 label-lg label-secondary"
                        >
                          <span
                            class="label-item label-item-expand"
                          >
                            Another Global Random 3
                          </span>
                        </span>
                        <span
                          class="label c-mr-2 label-lg label-secondary"
                        >
                          <span
                            class="label-item label-item-expand"
                          >
                            Another Global Random 4
                          </span>
                        </span>
                        <span
                          class="label c-mr-2 label-lg label-secondary"
                        >
                          <span
                            class="label-item label-item-expand"
                          >
                            Another Global Random 5
                          </span>
                        </span>
                        <span
                          class="label c-mr-2 label-lg label-secondary"
                        >
                          <span
                            class="label-item label-item-expand"
                          >
                            Another Global Random 6
                          </span>
                        </span>
                      </p>
                      <div
                        class="c-mb-2 font-weight-semi-bold h5 vocabulary"
                      >
                        Foods (Global)
                      </div>
                      <p>
                        <span
                          class="label c-mr-2 label-lg label-secondary"
                        >
                          <span
                            class="label-item label-item-expand"
                          >
                            Chinese
                          </span>
                        </span>
                        <span
                          class="label c-mr-2 label-lg label-secondary"
                        >
                          <span
                            class="label-item label-item-expand"
                          >
                            Indian
                          </span>
                        </span>
                        <span
                          class="label c-mr-2 label-lg label-secondary"
                        >
                          <span
                            class="label-item label-item-expand"
                          >
                            Italian
                          </span>
                        </span>
                        <span
                          class="label c-mr-2 label-lg label-secondary"
                        >
                          <span
                            class="label-item label-item-expand"
                          >
                            Mexican
                          </span>
                        </span>
                        <span
                          class="label c-mr-2 label-lg label-secondary"
                        >
                          <span
                            class="label-item label-item-expand"
                          >
                            Spanish
                          </span>
                        </span>
                        <span
                          class="label c-mr-2 label-lg label-secondary"
                        >
                          <span
                            class="label-item label-item-expand"
                          >
                            Thai
                          </span>
                        </span>
                      </p>
                      <div
                        class="c-mb-2 font-weight-semi-bold h5 vocabulary"
                      >
                        Topic (Global)
                      </div>
                      <p>
                        <span
                          class="label c-mr-2 label-lg label-secondary"
                        >
                          <span
                            class="label-item label-item-expand"
                          >
                            Topic 1
                          </span>
                        </span>
                        <span
                          class="label c-mr-2 label-lg label-secondary"
                        >
                          <span
                            class="label-item label-item-expand"
                          >
                            Topic 2
                          </span>
                        </span>
                        <span
                          class="label c-mr-2 label-lg label-secondary"
                        >
                          <span
                            class="label-item label-item-expand"
                          >
                            Topic 3
                          </span>
                        </span>
                        <span
                          class="label c-mr-2 label-lg label-secondary"
                        >
                          <span
                            class="label-item label-item-expand"
                          >
                            Topic 4
                          </span>
                        </span>
                        <span
                          class="label c-mr-2 label-lg label-secondary"
                        >
                          <span
                            class="label-item label-item-expand"
                          >
                            Topic 5
                          </span>
                        </span>
                        <span
                          class="label c-mr-2 label-lg label-secondary"
                        >
                          <span
                            class="label-item label-item-expand"
                          >
                            Topic 6
                          </span>
                        </span>
                        <span
                          class="label c-mr-2 label-lg label-secondary"
                        >
                          <span
                            class="label-item label-item-expand"
                          >
                            Topic 7
                          </span>
                        </span>
                      </p>
                      <div
                        class="c-mb-2 font-weight-semi-bold h5 vocabulary"
                      >
                        ZZ Global Random Vocabulary (Global)
                      </div>
                      <p>
                        <span
                          class="label c-mr-2 label-lg label-secondary"
                        >
                          <span
                            class="label-item label-item-expand"
                          >
                            Global Random 1
                          </span>
                        </span>
                        <span
                          class="label c-mr-2 label-lg label-secondary"
                        >
                          <span
                            class="label-item label-item-expand"
                          >
                            Global Random 2
                          </span>
                        </span>
                        <span
                          class="label c-mr-2 label-lg label-secondary"
                        >
                          <span
                            class="label-item label-item-expand"
                          >
                            Global Random 3
                          </span>
                        </span>
                        <span
                          class="label c-mr-2 label-lg label-secondary"
                        >
                          <span
                            class="label-item label-item-expand"
                          >
                            Global Random 4
                          </span>
                        </span>
                        <span
                          class="label c-mr-2 label-lg label-secondary"
                        >
                          <span
                            class="label-item label-item-expand"
                          >
                            Global Random 5
                          </span>
                        </span>
                        <span
                          class="label c-mr-2 label-lg label-secondary"
                        >
                          <span
                            class="label-item label-item-expand"
                          >
                            Global Random 6
                          </span>
                        </span>
                      </p>
                    </div>
                  </div>
                </div>
              </div>
              <div
                class="panel c-mb-1 panel-unstyled"
              >
                <button
                  aria-controls="clay-id-4"
                  aria-expanded="true"
                  class="panel-header panel-header-link collapse-icon collapse-icon-middle show btn btn-unstyled"
                  type="button"
                >
                  <div>
                    <div
                      class="autofit-row"
                    >
                      <div
                        class="align-self-center panel-title autofit-col autofit-col-expand"
                      >
                        <span
                          aria-label="view internal-categories"
                        >
                          internal-categories
                        </span>
                      </div>
                    </div>
                  </div>
                  <span
                    class="collapse-icon-closed"
                  >
                    <svg
                      class="lexicon-icon lexicon-icon-angle-right"
                      role="presentation"
                    >
                      <use
                        href="#angle-right"
                      />
                    </svg>
                  </span>
                  <span
                    class="collapse-icon-open"
                  >
                    <svg
                      class="lexicon-icon lexicon-icon-angle-down"
                      role="presentation"
                    >
                      <use
                        href="#angle-down"
                      />
                    </svg>
                  </span>
                </button>
                <div
                  aria-labelledby="clay-id-4"
                  class="panel-collapse"
                  id="clay-id-4"
                  role="region"
                >
                  <div
                    class="panel-body"
                  >
                    <div>
                      <div
                        class="c-mb-2 font-weight-semi-bold h5 vocabulary"
                      >
                        Internal categorization (Liferay)
                      </div>
                      <p>
                        <span
                          class="label c-mr-2 label-lg label-secondary"
                        >
                          <span
                            class="label-item label-item-expand"
                          >
                            Internal 1
                          </span>
                        </span>
                        <span
                          class="label c-mr-2 label-lg label-secondary"
                        >
                          <span
                            class="label-item label-item-expand"
                          >
                            Internal 2
                          </span>
                        </span>
                        <span
                          class="label c-mr-2 label-lg label-secondary"
                        >
                          <span
                            class="label-item label-item-expand"
                          >
                            Internal 3
                          </span>
                        </span>
                        <span
                          class="label c-mr-2 label-lg label-secondary"
                        >
                          <span
                            class="label-item label-item-expand"
                          >
                            Internal 4
                          </span>
                        </span>
                        <span
                          class="label c-mr-2 label-lg label-secondary"
                        >
                          <span
                            class="label-item label-item-expand"
                          >
                            Internal 5
                          </span>
                        </span>
                        <span
                          class="label c-mr-2 label-lg label-secondary"
                        >
                          <span
                            class="label-item label-item-expand"
                          >
                            Internal 6
                          </span>
                        </span>
                      </p>
                      <div
                        class="c-mb-2 font-weight-semi-bold h5 vocabulary"
                      >
                        Private Stuff (Demo Site)
                      </div>
                      <p>
                        <span
                          class="label c-mr-2 label-lg label-secondary"
                        >
                          <span
                            class="label-item label-item-expand"
                          >
                            Private Stuff 1
                          </span>
                        </span>
                        <span
                          class="label c-mr-2 label-lg label-secondary"
                        >
                          <span
                            class="label-item label-item-expand"
                          >
                            Private Stuff 2
                          </span>
                        </span>
                        <span
                          class="label c-mr-2 label-lg label-secondary"
                        >
                          <span
                            class="label-item label-item-expand"
                          >
                            Private Stuff 3
                          </span>
                        </span>
                        <span
                          class="label c-mr-2 label-lg label-secondary"
                        >
                          <span
                            class="label-item label-item-expand"
                          >
                            Private Stuff 4
                          </span>
                        </span>
                        <span
                          class="label c-mr-2 label-lg label-secondary"
                        >
                          <span
                            class="label-item label-item-expand"
                          >
                            Private Stuff 5
                          </span>
                        </span>
                        <span
                          class="label c-mr-2 label-lg label-secondary"
                        >
                          <span
                            class="label-item label-item-expand"
                          >
                            Private Stuff 6
                          </span>
                        </span>
                        <span
                          class="label c-mr-2 label-lg label-secondary"
                        >
                          <span
                            class="label-item label-item-expand"
                          >
                            Private Stuff 7
                          </span>
                        </span>
                      </p>
                    </div>
                  </div>
                </div>
              </div>
              <div
                class="panel c-mb-1 panel-unstyled"
              >
                <button
                  aria-controls="clay-id-5"
                  aria-expanded="true"
                  class="panel-header panel-header-link collapse-icon collapse-icon-middle show btn btn-unstyled"
                  type="button"
                >
                  <div>
                    <div
                      class="autofit-row"
                    >
                      <div
                        class="align-self-center panel-title autofit-col autofit-col-expand"
                      >
                        <span
                          aria-label="view tags"
                        >
                          tags
                        </span>
                      </div>
                    </div>
                  </div>
                  <span
                    class="collapse-icon-closed"
                  >
                    <svg
                      class="lexicon-icon lexicon-icon-angle-right"
                      role="presentation"
                    >
                      <use
                        href="#angle-right"
                      />
                    </svg>
                  </span>
                  <span
                    class="collapse-icon-open"
                  >
                    <svg
                      class="lexicon-icon lexicon-icon-angle-down"
                      role="presentation"
                    >
                      <use
                        href="#angle-down"
                      />
                    </svg>
                  </span>
                </button>
                <div
                  aria-labelledby="clay-id-5"
                  class="panel-collapse"
                  id="clay-id-5"
                  role="region"
                >
                  <div
                    class="panel-body"
                  >
                    <p>
                      <span
                        class="label c-mb-2 c-mr-2 label-lg label-secondary"
                      >
                        <span
                          class="label-item label-item-expand"
                        >
                          tag1
                        </span>
                      </span>
                      <span
                        class="label c-mb-2 c-mr-2 label-lg label-secondary"
                      >
                        <span
                          class="label-item label-item-expand"
                        >
                          tag2
                        </span>
                      </span>
                    </p>
                  </div>
                </div>
              </div>
            </div>
            <div
              aria-labelledby="tab-2"
              class="tab-pane fade flex-shrink-0"
              role="tabpanel"
              tabindex="0"
            >
              <div
                class="content-dashboard-performance"
              >
                <span
                  aria-hidden="true"
                  class="my-5 loading-animation"
                />
              </div>
            </div>
            <div
              aria-labelledby="tab-3"
              class="tab-pane fade flex-shrink-0"
              role="tabpanel"
              tabindex="0"
            >
              <ul
                class="list-group sidebar-list-group"
              />
            </div>
          </div>
        </div>
      </div>
    </div>
  </div>
</DocumentFragment>
`;
