// Jest Snapshot v1, https://goo.gl/fbAQLP

exports[`IndividualAttributes should render 1`] = `
<div>
  <div
    class="settings-root"
  >
    <nav
      class="bg-white mb-4 tbar component-tbar"
    >
      <ul
        class="mx-4 tbar-nav"
      >
        <li
          class="tbar-item"
        >
          <div
            class="component-action"
          >
            <a
              aria-label="Back"
              class="text-secondary"
              href="/workspace/23"
            >
              <svg
                class="lexicon-icon lexicon-icon-angle-left mb-1"
                role="presentation"
              >
                <use
                  href="#angle-left"
                />
              </svg>
            </a>
          </div>
        </li>
        <li
          class="pl-0 tbar-item"
        >
          <div
            class="tbar-section"
          >
            <span
              class="text-dark"
            >
              <span
                class="text-5 font-weight-bold"
              >
                Settings
              </span>
            </span>
          </div>
        </li>
      </ul>
    </nav>
    <div
      class="content-wrapper"
    >
      <nav
        class="section-side settings-side-bar"
      >
        <div>
          <h5
            class="section-title"
          >
            Workspace Data
          </h5>
          <ul
            class="nav"
          >
            <li
              class="item"
            >
              <a
                class="button-root"
                href="/workspace/23/settings/apis/tokens"
              >
                <span
                  class="icon-wrapper"
                >
                  <svg
                    class="lexicon-icon lexicon-icon-ac_api icon-root"
                    role="presentation"
                  >
                    <use
                      href="#ac_api"
                    />
                  </svg>
                </span>
                APIs
              </a>
            </li>
            <li
              class="item"
            >
              <a
                class="button-root"
                href="/workspace/23/settings/definitions"
              >
                <span
                  class="icon-wrapper"
                >
                  <svg
                    class="lexicon-icon lexicon-icon-definitions icon-root"
                    role="presentation"
                  >
                    <use
                      href="#definitions"
                    />
                  </svg>
                </span>
                Definitions
              </a>
            </li>
            <li
              class="item"
            >
              <a
                class="button-root"
                href="/workspace/23/settings/data-privacy"
              >
                <span
                  class="icon-wrapper"
                >
                  <svg
                    class="lexicon-icon lexicon-icon-data_privacy_lock icon-root"
                    role="presentation"
                  >
                    <use
                      href="#data_privacy_lock"
                    />
                  </svg>
                </span>
                Data Control & Privacy
              </a>
            </li>
            <li
              class="item"
            >
              <a
                class="button-root"
                href="/workspace/23/settings/data-source"
              >
                <span
                  class="icon-wrapper"
                >
                  <svg
                    class="lexicon-icon lexicon-icon-faro_data_source icon-root"
                    role="presentation"
                  >
                    <use
                      href="#faro_data_source"
                    />
                  </svg>
                </span>
                Data Sources
              </a>
            </li>
            <li
              class="item"
            >
              <a
                class="button-root"
                href="/workspace/23/settings/recommendations"
              >
                <span
                  class="icon-wrapper"
                >
                  <svg
                    class="lexicon-icon lexicon-icon-ac_star icon-root"
                    role="presentation"
                  >
                    <use
                      href="#ac_star"
                    />
                  </svg>
                </span>
                Recommendations
              </a>
            </li>
          </ul>
        </div>
        <div>
          <h5
            class="section-title"
          >
            Workspace Settings
          </h5>
          <ul
            class="nav"
          >
            <li
              class="item"
            >
              <a
                class="button-root"
                href="/workspace/23/settings/users"
              >
                <span
                  class="icon-wrapper"
                >
                  <svg
                    class="lexicon-icon lexicon-icon-user_management icon-root"
                    role="presentation"
                  >
                    <use
                      href="#user_management"
                    />
                  </svg>
                </span>
                User Management
              </a>
            </li>
            <li
              class="item"
            >
              <a
                class="button-root"
                href="/workspace/23/settings/properties"
              >
                <span
                  class="icon-wrapper"
                >
                  <svg
                    class="lexicon-icon lexicon-icon-ac_page icon-root"
                    role="presentation"
                  >
                    <use
                      href="#ac_page"
                    />
                  </svg>
                </span>
                Properties
              </a>
            </li>
            <li
              class="item"
            >
              <a
                class="button-root"
                href="/workspace/23/settings/usage"
              >
                <span
                  class="icon-wrapper"
                >
                  <svg
                    class="lexicon-icon lexicon-icon-usage icon-root"
                    role="presentation"
                  >
                    <use
                      href="#usage"
                    />
                  </svg>
                </span>
                Subscription & Usage
              </a>
            </li>
            <li
              class="item"
            >
              <a
                class="button-root"
                href="/workspace/23/settings/workspace"
              >
                <span
                  class="icon-wrapper"
                >
                  <svg
                    class="lexicon-icon lexicon-icon-cog icon-root"
                    role="presentation"
                  >
                    <use
                      href="#cog"
                    />
                  </svg>
                </span>
                Workspace
              </a>
            </li>
          </ul>
        </div>
      </nav>
      <div
        class="content section-main"
      >
        <div
          class="settings-base-page-root individual-attributes-root"
        >
          <div
            class="maintenance-alert-root"
          />
          <ol
            class="breadcrumb breadcrumbs-root"
          >
            <li
              class="breadcrumb-item"
            >
              <a
                class="breadcrumb-text-truncate breadcrumb-link"
                href="/workspace/23/settings/definitions"
              >
                Definitions
              </a>
            </li>
            <li
              class="breadcrumb-item active"
            >
              <span
                class="breadcrumb-text-truncate"
              >
                Individual Attributes
              </span>
            </li>
          </ol>
          <div
            class="content-header"
          >
            <div
              class="header-text"
            >
              <div
                class="d-flex"
              >
                <h3
                  class="title-text text-truncate"
                >
                  <span
                    class="text-truncate"
                    data-tooltip="false"
                    title=""
                  >
                    Individual Attributes
                  </span>
                </h3>
              </div>
              <div
                class="description"
              >
                This is the data model of an individual. Analytics Cloud will take and store the newest data from all your sources.
              </div>
            </div>
            <div
              class="page-actions-container"
            />
          </div>
          <div>
            <div
              class="card card-root"
            >
              <div
                class="base-results-root d-flex flex-column flex-grow-1 searchable-table-root searchable-table-borderless"
              >
                <div
                  class="toolbar-root"
                >
                  <nav
                    class="navbar navbar-root my-2 management-bar management-bar-light navbar-expand"
                  >
                    <div
                      class="container-fluid"
                    >
                      <ul
                        class="nav-root front-nav navbar-nav"
                        role="tablist"
                      />
                      <div
                        class="navbar-form navbar-form-autofit mx-2"
                      >
                        <div
                          class="input-group search"
                        >
                          <div
                            class="input-group-item"
                          >
                            <input
                              class="input-root form-control input-group-inset input-group-inset-after"
                              placeholder="Search"
                              type="text"
                              value=""
                            />
                            <div
                              class="input-group-inset-item input-group-inset-item-after"
                            >
                              <button
                                aria-label="Search"
                                class="button-root btn btn-unstyled"
                                type="button"
                              >
                                <svg
                                  class="lexicon-icon lexicon-icon-search icon-root"
                                  role="presentation"
                                >
                                  <use
                                    href="#search"
                                  />
                                </svg>
                              </button>
                            </div>
                          </div>
                        </div>
                      </div>
                    </div>
                  </nav>
                </div>
                <div
                  class="flex-grow-1 mx-4 table-root"
                >
                  <div
                    class="table-responsive"
                  >
                    <table
                      class="table table-autofit table-striped table-list table-nowrap table-head-bordered table-hover"
                    >
                      <thead>
                        <tr>
                          <th
                            class="table-head-title table-cell-expand"
                          >
                            <button
                              class="inline-item text-truncate-inline btn btn-unstyled"
                              type="button"
                            >
                              <div
                                class="align-items-center d-flex justify-content-between"
                              >
                                <div
                                  class="text-truncate"
                                >
                                  Attribute
                                </div>
                                <button
                                  aria-label="Ascending"
                                  class="component-action ml-2 btn btn-sm btn-primary"
                                  type="button"
                                >
                                  <svg
                                    class="lexicon-icon lexicon-icon-order_arrow_ascending icon-root"
                                    role="presentation"
                                  >
                                    <use
                                      href="#order_arrow_ascending"
                                    />
                                  </svg>
                                </button>
                              </div>
                            </button>
                          </th>
                          <th
                            class="table-head-title pr-6"
                          >
                            <button
                              class="inline-item text-truncate-inline btn btn-unstyled"
                              type="button"
                            >
                              <div
                                class="align-items-center d-flex justify-content-between"
                              >
                                <div
                                  class="text-truncate"
                                >
                                  Sources
                                </div>
                                <button
                                  aria-label="Descending"
                                  class="component-action ml-2 btn btn-sm btn-primary"
                                  type="button"
                                >
                                  <span
                                    class="opacity-25"
                                  >
                                    <svg
                                      class="lexicon-icon lexicon-icon-order-arrow icon-root"
                                      role="presentation"
                                    >
                                      <use
                                        href="#order-arrow"
                                      />
                                    </svg>
                                  </span>
                                </button>
                              </div>
                            </button>
                          </th>
                          <th
                            class="table-head-title pr-5"
                          >
                            Last Synced
                          </th>
                        </tr>
                      </thead>
                      <tbody>
                        <tr
                          class=""
                        >
                          <td
                            class="table-cell-expand"
                          >
                            <div
                              class="content-container"
                            >
                              <button
                                class="button-root btn btn-unstyled"
                                type="button"
                              >
                                testFildName0
                              </button>
                            </div>
                          </td>
                          <td
                            class="pr-6"
                          >
                            LIFERAY-DATASOURCE-FARO-EXAMPLE-0
                          </td>
                          <td
                            class="pr-5"
                          >
                            a few seconds ago
                          </td>
                        </tr>
                        <tr
                          class=""
                        >
                          <td
                            class="table-cell-expand"
                          >
                            <div
                              class="content-container"
                            >
                              <button
                                class="button-root btn btn-unstyled"
                                type="button"
                              >
                                testFildName1
                              </button>
                            </div>
                          </td>
                          <td
                            class="pr-6"
                          >
                            2 Sources
                          </td>
                          <td
                            class="pr-5"
                          >
                            a few seconds ago
                          </td>
                        </tr>
                        <tr
                          class=""
                        >
                          <td
                            class="table-cell-expand"
                          >
                            <div
                              class="content-container"
                            >
                              <button
                                class="button-root btn btn-unstyled"
                                type="button"
                              >
                                testFildName2
                              </button>
                            </div>
                          </td>
                          <td
                            class="pr-6"
                          >
                            3 Sources
                          </td>
                          <td
                            class="pr-5"
                          >
                            a few seconds ago
                          </td>
                        </tr>
                        <tr
                          class=""
                        >
                          <td
                            class="table-cell-expand"
                          >
                            <div
                              class="content-container"
                            >
                              <button
                                class="button-root btn btn-unstyled"
                                type="button"
                              >
                                testFildName3
                              </button>
                            </div>
                          </td>
                          <td
                            class="pr-6"
                          >
                            4 Sources
                          </td>
                          <td
                            class="pr-5"
                          >
                            a few seconds ago
                          </td>
                        </tr>
                        <tr
                          class=""
                        >
                          <td
                            class="table-cell-expand"
                          >
                            <div
                              class="content-container"
                            >
                              <button
                                class="button-root btn btn-unstyled"
                                type="button"
                              >
                                testFildName4
                              </button>
                            </div>
                          </td>
                          <td
                            class="pr-6"
                          >
                            5 Sources
                          </td>
                          <td
                            class="pr-5"
                          >
                            a few seconds ago
                          </td>
                        </tr>
                      </tbody>
                    </table>
                  </div>
                </div>
              </div>
            </div>
          </div>
        </div>
      </div>
    </div>
  </div>
</div>
`;
