// Jest Snapshot v1, https://goo.gl/fbAQLP

exports[`EventDisplay renders 1`] = `
<div>
  <span
    class="sentence-start"
  >
    Individual
  </span>
  <span>
    has
  </span>
  <span>
    performed
  </span>
  <b>
    Downloaded Document
  </b>
  <span>
    at least
  </span>
  <b>
    2
  </b>
  <span>
    time(s)
  </span>
  <span>
    since
  </span>
  <span>
    <strong>
      Last 24 hours
    </strong>
  </span>
  <span
    class="text-nowrap"
  >
    where event attribute
  </span>
  <b
    class="text-secondary"
  >
    Foo Attribute String
  </b>
  <b
    class="text-secondary"
  >
    contains
  </b>
  <b
    class="text-secondary"
  >
    "Test String"
  </b>
</div>
`;
