// Jest Snapshot v1, https://goo.gl/fbAQLP

exports[`CriteriaCard should render 1`] = `
<div>
  <div
    class="card card-root"
    id="container.report.segmentCriteriaCard"
  >
    <div
      class="panel card-root"
    >
      <button
        aria-controls="clay-id-1"
        aria-expanded="true"
        class="panel-header panel-header-link collapse-icon collapse-icon-middle show btn btn-unstyled"
        type="button"
      >
        <div
          class="card-title"
        >
          Segment Criteria
        </div>
        <span
          class="collapse-icon-closed"
        >
          <svg
            class="lexicon-icon lexicon-icon-angle-right"
            role="presentation"
          >
            <use
              href="#angle-right"
            />
          </svg>
        </span>
        <span
          class="collapse-icon-open"
        >
          <svg
            class="lexicon-icon lexicon-icon-angle-down"
            role="presentation"
          >
            <use
              href="#angle-down"
            />
          </svg>
        </span>
      </button>
      <div
        aria-labelledby="clay-id-1"
        class="panel-collapse"
        id="clay-id-1"
        role="region"
      >
        <div
          class="panel-body criteria-card-root"
        >
          <div
            class="criteria-view-root pt-2"
          >
            <div
              class="criteria-group"
            >
              <div
                class="criteria-row"
              >
                Individual
                <b>
                  firstName
                </b>
                <span>
                  is
                </span>
                <b>
                  "Test"
                </b>
              </div>
            </div>
          </div>
        </div>
      </div>
    </div>
  </div>
</div>
`;
