// Jest Snapshot v1, https://goo.gl/fbAQLP

exports[`Nav should render 1`] = `
<div>
  <ul
    class="nav-root nav"
    role="tablist"
  >
    <li
      class="nav-item active"
      role="presentation"
    >
      <a
        class="nav-link active"
        data-discover="true"
        href="/"
        role="tab"
      >
        foo
      </a>
    </li>
    <li
      class="nav-item"
      role="presentation"
    >
      bar
    </li>
    <li
      class="nav-item"
      role="presentation"
    >
      <button
        class="button-root btn btn-secondary"
        type="button"
      >
        baz
      </button>
    </li>
  </ul>
</div>
`;
